Archive member included to satisfy reference by file (symbol)

/Users/josephvalle/ti/simplelink_cc32xx_sdk_7_10_00_13/source/ti/drivers/lib/gcc/m4/drivers_cc32xx.a(GPIO.c.obj)
                              ./gpiointerrupt.o (GPIO_setCallback)
/Users/josephvalle/ti/simplelink_cc32xx_sdk_7_10_00_13/source/ti/drivers/lib/gcc/m4/drivers_cc32xx.a(GPIOCC32XX.c.obj)
                              ./gpiointerrupt.o (GPIO_enableInt)
/Users/josephvalle/ti/simplelink_cc32xx_sdk_7_10_00_13/source/ti/drivers/lib/gcc/m4/drivers_cc32xx.a(PowerCC32XX.c.obj)
                              ./syscfg/ti_drivers_config.o (Power_init)
/Users/josephvalle/ti/simplelink_cc32xx_sdk_7_10_00_13/source/ti/drivers/lib/gcc/m4/drivers_cc32xx.a(PowerCC32XX_gcc.asm.obj)
                              /Users/josephvalle/ti/simplelink_cc32xx_sdk_7_10_00_13/source/ti/drivers/lib/gcc/m4/drivers_cc32xx.a(PowerCC32XX.c.obj) (PowerCC32XX_enterLPDS)
/Users/josephvalle/ti/simplelink_cc32xx_sdk_7_10_00_13/source/ti/drivers/lib/gcc/m4/drivers_cc32xx.a(Timer.c.obj)
                              ./gpiointerrupt.o (Timer_init)
/Users/josephvalle/ti/simplelink_cc32xx_sdk_7_10_00_13/source/ti/drivers/lib/gcc/m4/drivers_cc32xx.a(TimerCC32XX.c.obj)
                              ./gpiointerrupt.o (Timer_open)
/Users/josephvalle/ti/simplelink_cc32xx_sdk_7_10_00_13/source/ti/drivers/lib/gcc/m4/drivers_cc32xx.a(List.c.obj)
                              /Users/josephvalle/ti/simplelink_cc32xx_sdk_7_10_00_13/source/ti/drivers/lib/gcc/m4/drivers_cc32xx.a(PowerCC32XX.c.obj) (List_put)
/Users/josephvalle/ti/simplelink_cc32xx_sdk_7_10_00_13/kernel/nortos/lib/gcc/m4/nortos_cc32xx.a(NoRTOS.c.obj)
                              ./main_nortos.o (NoRTOS_start)
/Users/josephvalle/ti/simplelink_cc32xx_sdk_7_10_00_13/kernel/nortos/lib/gcc/m4/nortos_cc32xx.a(posix_sleep.c.obj)
                              ./gpiointerrupt.o (usleep)
/Users/josephvalle/ti/simplelink_cc32xx_sdk_7_10_00_13/kernel/nortos/lib/gcc/m4/nortos_cc32xx.a(SemaphoreP_nortos.c.obj)
                              /Users/josephvalle/ti/simplelink_cc32xx_sdk_7_10_00_13/source/ti/drivers/lib/gcc/m4/drivers_cc32xx.a(TimerCC32XX.c.obj) (SemaphoreP_constructBinary)
/Users/josephvalle/ti/simplelink_cc32xx_sdk_7_10_00_13/kernel/nortos/lib/gcc/m4/nortos_cc32xx.a(ClockPSysTick_nortos.c.obj)
                              /Users/josephvalle/ti/simplelink_cc32xx_sdk_7_10_00_13/kernel/nortos/lib/gcc/m4/nortos_cc32xx.a(SemaphoreP_nortos.c.obj) (ClockP_add)
/Users/josephvalle/ti/simplelink_cc32xx_sdk_7_10_00_13/kernel/nortos/lib/gcc/m4/nortos_cc32xx.a(HwiPCC32XX_nortos.c.obj)
                              /Users/josephvalle/ti/simplelink_cc32xx_sdk_7_10_00_13/kernel/nortos/lib/gcc/m4/nortos_cc32xx.a(NoRTOS.c.obj) (HwiP_enable)
/Users/josephvalle/ti/simplelink_cc32xx_sdk_7_10_00_13/kernel/nortos/lib/gcc/m4/nortos_cc32xx.a(PowerCC32XX_nortos.c.obj)
                              ./syscfg/ti_drivers_config.o (PowerCC32XX_initPolicy)
/Users/josephvalle/ti/simplelink_cc32xx_sdk_7_10_00_13/kernel/nortos/lib/gcc/m4/nortos_cc32xx.a(startup_cc32xx_gcc.c.obj)
                              (resetISR)
/Users/josephvalle/ti/simplelink_cc32xx_sdk_7_10_00_13/kernel/nortos/lib/gcc/m4/nortos_cc32xx.a(SwiP_nortos.c.obj)
                              /Users/josephvalle/ti/simplelink_cc32xx_sdk_7_10_00_13/kernel/nortos/lib/gcc/m4/nortos_cc32xx.a(PowerCC32XX_nortos.c.obj) (SwiP_disable)
/Users/josephvalle/ti/simplelink_cc32xx_sdk_7_10_00_13/source/ti/devices/cc32xx/driverlib/gcc/Release/driverlib.a(cpu.obj)
                              /Users/josephvalle/ti/simplelink_cc32xx_sdk_7_10_00_13/kernel/nortos/lib/gcc/m4/nortos_cc32xx.a(HwiPCC32XX_nortos.c.obj) (CPUprimask)
/Users/josephvalle/ti/simplelink_cc32xx_sdk_7_10_00_13/source/ti/devices/cc32xx/driverlib/gcc/Release/driverlib.a(gpio.obj)
                              /Users/josephvalle/ti/simplelink_cc32xx_sdk_7_10_00_13/source/ti/drivers/lib/gcc/m4/drivers_cc32xx.a(GPIOCC32XX.c.obj) (GPIODirModeSet)
/Users/josephvalle/ti/simplelink_cc32xx_sdk_7_10_00_13/source/ti/devices/cc32xx/driverlib/gcc/Release/driverlib.a(hwspinlock.obj)
                              /Users/josephvalle/ti/simplelink_cc32xx_sdk_7_10_00_13/source/ti/drivers/lib/gcc/m4/drivers_cc32xx.a(PowerCC32XX.c.obj) (HwSpinLockTryAcquire)
/Users/josephvalle/ti/simplelink_cc32xx_sdk_7_10_00_13/source/ti/devices/cc32xx/driverlib/gcc/Release/driverlib.a(interrupt.obj)
                              /Users/josephvalle/ti/simplelink_cc32xx_sdk_7_10_00_13/kernel/nortos/lib/gcc/m4/nortos_cc32xx.a(HwiPCC32XX_nortos.c.obj) (IntMasterEnable)
/Users/josephvalle/ti/simplelink_cc32xx_sdk_7_10_00_13/source/ti/devices/cc32xx/driverlib/gcc/Release/driverlib.a(pin.obj)
                              /Users/josephvalle/ti/simplelink_cc32xx_sdk_7_10_00_13/source/ti/drivers/lib/gcc/m4/drivers_cc32xx.a(GPIOCC32XX.c.obj) (PinModeSet)
/Users/josephvalle/ti/simplelink_cc32xx_sdk_7_10_00_13/source/ti/devices/cc32xx/driverlib/gcc/Release/driverlib.a(prcm.obj)
[...]
Memory Configuration

Name             Origin             Length             Attributes
SRAM             0x0000000020004000 0x000000000003c000 xrw
LOG_DATA         0x0000000090000000 0x0000000000040000 r
LOG_PTR          0x0000000094000008 0x0000000000040000 r
*default*        0x0000000000000000 0xffffffffffffffff

Linker script and memory map

LOAD ./gpiointerrupt.o
LOAD ./syscfg/ti_drivers_config.o
LOAD ./main_nortos.o
                0x0000000000001000                STACKSIZE = 0x1000
                0x0000000000008000                HEAP_SIZE = 0x8000
                0x0000000020004000                PROVIDE (_resetVecs_base_address = DEFINED (_resetVecs_base_address)?_resetVecs_base_address:0x20004000)

.resetVecs      0x0000000020004000       0x40
 *(.resetVecs)
 .resetVecs     0x0000000020004000       0x40 /Users/josephvalle/ti/simplelink_cc32xx_sdk_7_10_00_13/kernel/nortos/lib/gcc/m4/nortos_cc32xx.a(startup_cc32xx_gcc.c.obj)

.ramVecs        0x0000000020004400      0x30c
 *(.ramVecs)
 .ramVecs       0x0000000020004400      0x30c /Users/josephvalle/ti/simplelink_cc32xx_sdk_7_10_00_13/kernel/nortos/lib/gcc/m4/nortos_cc32xx.a(startup_cc32xx_gcc.c.obj)

.text           0x0000000020004710     0x39f0
 CREATE_OBJECT_SYMBOLS
 *(.text)
 .text          0x0000000020004710       0x98 /Users/josephvalle/ti/simplelink_cc32xx_sdk_7_10_00_13/source/ti/drivers/lib/gcc/m4/drivers_cc32xx.a(PowerCC32XX_gcc.asm.obj)
                0x0000000020004710                PowerCC32XX_enterLPDS
                0x0000000020004754                PowerCC32XX_resumeLPDS
 .text          0x00000000200047a8       0x30 /Applications/ti/ccs1240/ccs/tools/compiler/gcc-arm-none-eabi-9-2019-q4-major/bin/../lib/gcc/arm-none-eabi/9.2.1/thumb/v7e-m/nofp/libgcc.a(_aeabi_uldivmod.o)
                0x00000000200047a8                __aeabi_uldivmod
 .text          0x00000000200047d8      0x2c0 /Applications/ti/ccs1240/ccs/tools/compiler/gcc-arm-none-eabi-9-2019-q4-major/bin/../lib/gcc/arm-none-eabi/9.2.1/thumb/v7e-m/nofp/libgcc.a(_udivmoddi4.o)
                0x00000000200047d8                __udivmoddi4
 .text          0x0000000020004a98        0x4 /Applications/ti/ccs1240/ccs/tools/compiler/gcc-arm-none-eabi-9-2019-q4-major/bin/../lib/gcc/arm-none-eabi/9.2.1/thumb/v7e-m/nofp/libgcc.a(_dvmd_tls.o)
                0x0000000020004a98                __aeabi_ldiv0
                0x0000000020004a98                __aeabi_idiv0
 .text          0x0000000020004a9c       0x14 /Applications/ti/ccs1240/ccs/tools/compiler/gcc-arm-none-eabi-9-2019-q4-major/arm-none-eabi/lib/thumb/v7e-m/nofp/libc_nano.a(lib_a-strcmp.o)
                0x0000000020004a9c                strcmp
 *(.text.*)
 .text.gpioButtonFxn0
                0x0000000020004ab0        0xc ./gpiointerrupt.o
                0x0000000020004ab0                gpioButtonFxn0
 .text.toggleMorseLED
                0x0000000020004abc       0xc0 ./gpiointerrupt.o
                0x0000000020004abc                toggleMorseLED
 .text.timerCallback
                0x0000000020004b7c       0x70 ./gpiointerrupt.o
                0x0000000020004b7c                timerCallback
 .text.initTimer
                0x0000000020004bec       0x40 ./gpiointerrupt.o
                0x0000000020004bec                initTimer
 .text.mainThread
                0x0000000020004c2c       0xc0 ./gpiointerrupt.o
                0x0000000020004c2c                mainThread
 .text.Board_initHook
                0x0000000020004cec        0x4 ./syscfg/ti_drivers_config.o
                0x0000000020004cec                Board_initHook
 .text.Board_init
                0x0000000020004cf0       0x14 ./syscfg/ti_drivers_config.o
                0x0000000020004cf0                Board_init
 .text.startup.main
                0x0000000020004d04       0x14 ./main_nortos.o
                0x0000000020004d04                main
 .text.GPIO_setCallback
                0x0000000020004d18       0x1c /Users/josephvalle/ti/simplelink_cc32xx_sdk_7_10_00_13/source/ti/drivers/lib/gcc/m4/drivers_cc32xx.a(GPIO.c.obj)
                0x0000000020004d18                GPIO_setCallback
 .text.GPIO_hwiIntFxn
                0x0000000020004d34       0x54 /Users/josephvalle/ti/simplelink_cc32xx_sdk_7_10_00_13/source/ti/drivers/lib/gcc/m4/drivers_cc32xx.a(GPIOCC32XX.c.obj)
                0x0000000020004d34                GPIO_hwiIntFxn
 .text.GPIO_enableInt
                0x0000000020004d88       0x44 /Users/josephvalle/ti/simplelink_cc32xx_sdk_7_10_00_13/source/ti/drivers/lib/gcc/m4/drivers_cc32xx.a(GPIOCC32XX.c.obj)
                0x0000000020004d88                GPIO_enableInt
 .text.GPIO_setInterruptConfig
                0x0000000020004dcc       0x9c /Users/josephvalle/ti/simplelink_cc32xx_sdk_7_10_00_13/source/ti/drivers/lib/gcc/m4/drivers_cc32xx.a(GPIOCC32XX.c.obj)
                0x0000000020004dcc                GPIO_setInterruptConfig
 .text.GPIO_setConfig
                0x0000000020004e68      0x160 /Users/josephvalle/ti/simplelink_cc32xx_sdk_7_10_00_13/source/ti/drivers/lib/gcc/m4/drivers_cc32xx.a(GPIOCC32XX.c.obj)
                0x0000000020004e68                GPIO_setConfig
 .text.GPIO_init
                0x0000000020004fc8       0xa0 /Users/josephvalle/ti/simplelink_cc32xx_sdk_7_10_00_13/source/ti/drivers/lib/gcc/m4/drivers_cc32xx.a(GPIOCC32XX.c.obj)
                0x0000000020004fc8                GPIO_init
 .text.powerNotifyFxn
                0x0000000020005068       0x84 /Users/josephvalle/ti/simplelink_cc32xx_sdk_7_10_00_13/source/ti/drivers/lib/gcc/m4/drivers_cc32xx.a(GPIOCC32XX.c.obj)
 .text.GPIO_write
                0x00000000200050ec       0x8c /Users/josephvalle/ti/simplelink_cc32xx_sdk_7_10_00_13/source/ti/drivers/lib/gcc/m4/drivers_cc32xx.a(GPIOCC32XX.c.obj)
                0x00000000200050ec                GPIO_write
 .text.Power_disablePolicy
                0x0000000020005178       0x14 /Users/josephvalle/ti/simplelink_cc32xx_sdk_7_10_00_13/source/ti/drivers/lib/gcc/m4/drivers_cc32xx.a(PowerCC32XX.c.obj)
                0x0000000020005178                Power_disablePolicy
 .text.Power_enablePolicy
                0x000000002000518c       0x10 /Users/josephvalle/ti/simplelink_cc32xx_sdk_7_10_00_13/source/ti/drivers/lib/gcc/m4/drivers_cc32xx.a(PowerCC32XX.c.obj)
                0x000000002000518c                Power_enablePolicy
 .text.Power_getConstraintMask
                0x000000002000519c        0xc /Users/josephvalle/ti/simplelink_cc32xx_sdk_7_10_00_13/source/ti/drivers/lib/gcc/m4/drivers_cc32xx.a(PowerCC32XX.c.obj)
                0x000000002000519c                Power_getConstraintMask
 .text.Power_getTransitionLatency
                0x00000000200051a8       0x14 /Users/josephvalle/ti/simplelink_cc32xx_sdk_7_10_00_13/source/ti/drivers/lib/gcc/m4/drivers_cc32xx.a(PowerCC32XX.c.obj)
                0x00000000200051a8                Power_getTransitionLatency
 .text.Power_idleFunc
                0x00000000200051bc       0x14 /Users/josephvalle/ti/simplelink_cc32xx_sdk_7_10_00_13/source/ti/drivers/lib/gcc/m4/drivers_cc32xx.a(PowerCC32XX.c.obj)
                0x00000000200051bc                Power_idleFunc
 .text.Power_init
                0x00000000200051d0       0xd8 /Users/josephvalle/ti/simplelink_cc32xx_sdk_7_10_00_13/source/ti/drivers/lib/gcc/m4/drivers_cc32xx.a(PowerCC32XX.c.obj)
                0x00000000200051d0                Power_init
 .text.Power_registerNotify
                0x00000000200052a8       0x24 /Users/josephvalle/ti/simplelink_cc32xx_sdk_7_10_00_13/source/ti/drivers/lib/gcc/m4/drivers_cc32xx.a(PowerCC32XX.c.obj)
                0x00000000200052a8                Power_registerNotify
 .text.Power_releaseConstraint
                0x00000000200052cc       0x4c /Users/josephvalle/ti/simplelink_cc32xx_sdk_7_10_00_13/source/ti/drivers/lib/gcc/m4/drivers_cc32xx.a(PowerCC32XX.c.obj)
                0x00000000200052cc                Power_releaseConstraint
 .text.Power_releaseDependency
                0x0000000020005318       0x54 /Users/josephvalle/ti/simplelink_cc32xx_sdk_7_10_00_13/source/ti/drivers/lib/gcc/m4/drivers_cc32xx.a(PowerCC32XX.c.obj)
                0x0000000020005318                Power_releaseDependency
 .text.Power_setConstraint
                0x000000002000536c       0x38 /Users/josephvalle/ti/simplelink_cc32xx_sdk_7_10_00_13/source/ti/drivers/lib/gcc/m4/drivers_cc32xx.a(PowerCC32XX.c.obj)
                0x000000002000536c                Power_setConstraint
 .text.Power_setDependency
                0x00000000200053a4       0x78 /Users/josephvalle/ti/simplelink_cc32xx_sdk_7_10_00_13/source/ti/drivers/lib/gcc/m4/drivers_cc32xx.a(PowerCC32XX.c.obj)
                0x00000000200053a4                Power_setDependency
 .text.Power_sleep
                0x000000002000541c      0x554 /Users/josephvalle/ti/simplelink_cc32xx_sdk_7_10_00_13/source/ti/drivers/lib/gcc/m4/drivers_cc32xx.a(PowerCC32XX.c.obj)
                0x000000002000541c                Power_sleep
 .text.Power_unregisterNotify
                0x0000000020005970       0x20 /Users/josephvalle/ti/simplelink_cc32xx_sdk_7_10_00_13/source/ti/drivers/lib/gcc/m4/drivers_cc32xx.a(PowerCC32XX.c.obj)
                0x0000000020005970                Power_unregisterNotify
 .text.PowerCC32XX_setParkState
                0x0000000020005990       0x64 /Users/josephvalle/ti/simplelink_cc32xx_sdk_7_10_00_13/source/ti/drivers/lib/gcc/m4/drivers_cc32xx.a(PowerCC32XX.c.obj)
                0x0000000020005990                PowerCC32XX_setParkState
 .text.Timer_init
                0x00000000200059f4        0x4 /Users/josephvalle/ti/simplelink_cc32xx_sdk_7_10_00_13/source/ti/drivers/lib/gcc/m4/drivers_cc32xx.a(Timer.c.obj)
                0x00000000200059f4                Timer_init
 .text.Timer_Params_init
                0x00000000200059f8       0x10 /Users/josephvalle/ti/simplelink_cc32xx_sdk_7_10_00_13/source/ti/drivers/lib/gcc/m4/drivers_cc32xx.a(Timer.c.obj)
                0x00000000200059f8                Timer_Params_init
 .text.Timer_start
                0x0000000020005a08       0x48 /Users/josephvalle/ti/simplelink_cc32xx_sdk_7_10_00_13/source/ti/drivers/lib/gcc/m4/drivers_cc32xx.a(Timer.c.obj)
                0x0000000020005a08                Timer_start
 .text.Timer_stop
                0x0000000020005a50       0x44 /Users/josephvalle/ti/simplelink_cc32xx_sdk_7_10_00_13/source/ti/drivers/lib/gcc/m4/drivers_cc32xx.a(Timer.c.obj)
                0x0000000020005a50                Timer_stop
 .text.TimerCC32XX_hwiIntFunction
                0x0000000020005a94       0x38 /Users/josephvalle/ti/simplelink_cc32xx_sdk_7_10_00_13/source/ti/drivers/lib/gcc/m4/drivers_cc32xx.a(TimerCC32XX.c.obj)
 .text.postNotifyFxn
                0x0000000020005acc       0x58 /Users/josephvalle/ti/simplelink_cc32xx_sdk_7_10_00_13/source/ti/drivers/lib/gcc/m4/drivers_cc32xx.a(TimerCC32XX.c.obj)
 .text.Timer_close
                0x0000000020005b24       0xb4 /Users/josephvalle/ti/simplelink_cc32xx_sdk_7_10_00_13/source/ti/drivers/lib/gcc/m4/drivers_cc32xx.a(TimerCC32XX.c.obj)
                0x0000000020005b24                Timer_close
 .text.Timer_open
                0x0000000020005bd8      0x284 /Users/josephvalle/ti/simplelink_cc32xx_sdk_7_10_00_13/source/ti/drivers/lib/gcc/m4/drivers_cc32xx.a(TimerCC32XX.c.obj)
                0x0000000020005bd8                Timer_open
 .text.TimerSupport_timerDisable
                0x0000000020005e5c       0x28 /Users/josephvalle/ti/simplelink_cc32xx_sdk_7_10_00_13/source/ti/drivers/lib/gcc/m4/drivers_cc32xx.a(TimerCC32XX.c.obj)
                0x0000000020005e5c                TimerSupport_timerDisable
 .text.TimerSupport_timerEnable
                0x0000000020005e84       0x50 /Users/josephvalle/ti/simplelink_cc32xx_sdk_7_10_00_13/source/ti/drivers/lib/gcc/m4/drivers_cc32xx.a(TimerCC32XX.c.obj)
                0x0000000020005e84                TimerSupport_timerEnable
 .text.List_put
                0x0000000020005ed4       0x2c /Users/josephvalle/ti/simplelink_cc32xx_sdk_7_10_00_13/source/ti/drivers/lib/gcc/m4/drivers_cc32xx.a(List.c.obj)
                0x0000000020005ed4                List_put
 .text.List_remove
                0x0000000020005f00       0x30 /Users/josephvalle/ti/simplelink_cc32xx_sdk_7_10_00_13/source/ti/drivers/lib/gcc/m4/drivers_cc32xx.a(List.c.obj)
                0x0000000020005f00                List_remove
 .text.NoRTOS_start
                0x0000000020005f30        0x4 /Users/josephvalle/ti/simplelink_cc32xx_sdk_7_10_00_13/kernel/nortos/lib/gcc/m4/nortos_cc32xx.a(NoRTOS.c.obj)
                0x0000000020005f30                NoRTOS_start
 .text.usleep   0x0000000020005f34        0x4 /Users/josephvalle/ti/simplelink_cc32xx_sdk_7_10_00_13/kernel/nortos/lib/gcc/m4/nortos_cc32xx.a(posix_sleep.c.obj)
                0x0000000020005f34                usleep
 .text.clkFxn   0x0000000020005f38        0x4 /Users/josephvalle/ti/simplelink_cc32xx_sdk_7_10_00_13/kernel/nortos/lib/gcc/m4/nortos_cc32xx.a(SemaphoreP_nortos.c.obj)
                0x0000000020005f38                clkFxn
 .text.SemaphoreP_construct
                0x0000000020005f3c       0x60 /Users/josephvalle/ti/simplelink_cc32xx_sdk_7_10_00_13/kernel/nortos/lib/gcc/m4/nortos_cc32xx.a(SemaphoreP_nortos.c.obj)
                0x0000000020005f3c                SemaphoreP_construct
 .text.SemaphoreP_constructBinary
                0x0000000020005f9c       0x3c /Users/josephvalle/ti/simplelink_cc32xx_sdk_7_10_00_13/kernel/nortos/lib/gcc/m4/nortos_cc32xx.a(SemaphoreP_nortos.c.obj)
                0x0000000020005f9c                SemaphoreP_constructBinary
 .text.SemaphoreP_createBinary
                0x0000000020005fd8       0x40 /Users/josephvalle/ti/simplelink_cc32xx_sdk_7_10_00_13/kernel/nortos/lib/gcc/m4/nortos_cc32xx.a(SemaphoreP_nortos.c.obj)
                0x0000000020005fd8                SemaphoreP_createBinary
 .text.SemaphoreP_destruct
                0x0000000020006018        0x4 /Users/josephvalle/ti/simplelink_cc32xx_sdk_7_10_00_13/kernel/nortos/lib/gcc/m4/nortos_cc32xx.a(SemaphoreP_nortos.c.obj)
                0x0000000020006018                SemaphoreP_destruct
 .text.SemaphoreP_delete
                0x000000002000601c        0x4 /Users/josephvalle/ti/simplelink_cc32xx_sdk_7_10_00_13/kernel/nortos/lib/gcc/m4/nortos_cc32xx.a(SemaphoreP_nortos.c.obj)
                0x000000002000601c                SemaphoreP_delete
 .text.SemaphoreP_pend
                0x0000000020006020       0xfc /Users/josephvalle/ti/simplelink_cc32xx_sdk_7_10_00_13/kernel/nortos/lib/gcc/m4/nortos_cc32xx.a(SemaphoreP_nortos.c.obj)
                0x0000000020006020                SemaphoreP_pend
 .text.SemaphoreP_post
                0x000000002000611c       0x44 /Users/josephvalle/ti/simplelink_cc32xx_sdk_7_10_00_13/kernel/nortos/lib/gcc/m4/nortos_cc32xx.a(SemaphoreP_nortos.c.obj)
                0x000000002000611c                SemaphoreP_post
 .text.ClockP_sysTickHandler
                0x0000000020006160       0x7c /Users/josephvalle/ti/simplelink_cc32xx_sdk_7_10_00_13/kernel/nortos/lib/gcc/m4/nortos_cc32xx.a(ClockPSysTick_nortos.c.obj)
                0x0000000020006160                ClockP_sysTickHandler
 .text.ClockP_add
                0x00000000200061dc       0x14 /Users/josephvalle/ti/simplelink_cc32xx_sdk_7_10_00_13/kernel/nortos/lib/gcc/m4/nortos_cc32xx.a(ClockPSysTick_nortos.c.obj)
                0x00000000200061dc                ClockP_add
 .text.ClockP_destruct
                0x00000000200061f0       0x44 /Users/josephvalle/ti/simplelink_cc32xx_sdk_7_10_00_13/kernel/nortos/lib/gcc/m4/nortos_cc32xx.a(ClockPSysTick_nortos.c.obj)
                0x00000000200061f0                ClockP_destruct
 .text.ClockP_doTick
                0x0000000020006234        0x4 /Users/josephvalle/ti/simplelink_cc32xx_sdk_7_10_00_13/kernel/nortos/lib/gcc/m4/nortos_cc32xx.a(ClockPSysTick_nortos.c.obj)
                0x0000000020006234                ClockP_doTick
 .text.ClockP_getCpuFreq
                0x0000000020006238       0x10 /Users/josephvalle/ti/simplelink_cc32xx_sdk_7_10_00_13/kernel/nortos/lib/gcc/m4/nortos_cc32xx.a(ClockPSysTick_nortos.c.obj)
                0x0000000020006238                ClockP_getCpuFreq
 .text.ClockP_getSystemTicks
                0x0000000020006248       0x70 /Users/josephvalle/ti/simplelink_cc32xx_sdk_7_10_00_13/kernel/nortos/lib/gcc/m4/nortos_cc32xx.a(ClockPSysTick_nortos.c.obj)
                0x0000000020006248                ClockP_getSystemTicks
 .text.ClockP_getTicksUntilInterrupt
                0x00000000200062b8       0x40 /Users/josephvalle/ti/simplelink_cc32xx_sdk_7_10_00_13/kernel/nortos/lib/gcc/m4/nortos_cc32xx.a(ClockPSysTick_nortos.c.obj)
                0x00000000200062b8                ClockP_getTicksUntilInterrupt
 .text.ClockP_isActive
                0x00000000200062f8        0xc /Users/josephvalle/ti/simplelink_cc32xx_sdk_7_10_00_13/kernel/nortos/lib/gcc/m4/nortos_cc32xx.a(ClockPSysTick_nortos.c.obj)
                0x00000000200062f8                ClockP_isActive
 .text.ClockP_setTicks
                0x0000000020006304       0x10 /Users/josephvalle/ti/simplelink_cc32xx_sdk_7_10_00_13/kernel/nortos/lib/gcc/m4/nortos_cc32xx.a(ClockPSysTick_nortos.c.obj)
                0x0000000020006304                ClockP_setTicks
 .text.ClockP_start
                0x0000000020006314       0xa8 /Users/josephvalle/ti/simplelink_cc32xx_sdk_7_10_00_13/kernel/nortos/lib/gcc/m4/nortos_cc32xx.a(ClockPSysTick_nortos.c.obj)
                0x0000000020006314                ClockP_start
 .text.ClockP_startup
                0x00000000200063bc       0x68 /Users/josephvalle/ti/simplelink_cc32xx_sdk_7_10_00_13/kernel/nortos/lib/gcc/m4/nortos_cc32xx.a(ClockPSysTick_nortos.c.obj)
                0x00000000200063bc                ClockP_startup
 .text.ClockP_usleep
                0x0000000020006424      0x16c /Users/josephvalle/ti/simplelink_cc32xx_sdk_7_10_00_13/kernel/nortos/lib/gcc/m4/nortos_cc32xx.a(ClockPSysTick_nortos.c.obj)
                0x0000000020006424                ClockP_usleep
 .text.HwiP_dispatch
                0x0000000020006590       0x1c /Users/josephvalle/ti/simplelink_cc32xx_sdk_7_10_00_13/kernel/nortos/lib/gcc/m4/nortos_cc32xx.a(HwiPCC32XX_nortos.c.obj)
                0x0000000020006590                HwiP_dispatch
 .text.HwiP_enable
                0x00000000200065ac        0x4 /Users/josephvalle/ti/simplelink_cc32xx_sdk_7_10_00_13/kernel/nortos/lib/gcc/m4/nortos_cc32xx.a(HwiPCC32XX_nortos.c.obj)
                0x00000000200065ac                HwiP_enable
 .text.HwiP_disable
                0x00000000200065b0        0x8 /Users/josephvalle/ti/simplelink_cc32xx_sdk_7_10_00_13/kernel/nortos/lib/gcc/m4/nortos_cc32xx.a(HwiPCC32XX_nortos.c.obj)
                0x00000000200065b0                HwiP_disable
 .text.HwiP_restore
                0x00000000200065b8        0x8 /Users/josephvalle/ti/simplelink_cc32xx_sdk_7_10_00_13/kernel/nortos/lib/gcc/m4/nortos_cc32xx.a(HwiPCC32XX_nortos.c.obj)
                0x00000000200065b8                HwiP_restore
 .text.HwiP_clearInterrupt
                0x00000000200065c0        0x4 /Users/josephvalle/ti/simplelink_cc32xx_sdk_7_10_00_13/kernel/nortos/lib/gcc/m4/nortos_cc32xx.a(HwiPCC32XX_nortos.c.obj)
                0x00000000200065c0                HwiP_clearInterrupt
 .text.HwiP_delete
                0x00000000200065c4       0x1c /Users/josephvalle/ti/simplelink_cc32xx_sdk_7_10_00_13/kernel/nortos/lib/gcc/m4/nortos_cc32xx.a(HwiPCC32XX_nortos.c.obj)
                0x00000000200065c4                HwiP_delete
 .text.HwiP_create
                0x00000000200065e0       0x90 /Users/josephvalle/ti/simplelink_cc32xx_sdk_7_10_00_13/kernel/nortos/lib/gcc/m4/nortos_cc32xx.a(HwiPCC32XX_nortos.c.obj)
                0x00000000200065e0                HwiP_create
 .text.HwiP_Params_init
                0x0000000020006670       0x14 /Users/josephvalle/ti/simplelink_cc32xx_sdk_7_10_00_13/kernel/nortos/lib/gcc/m4/nortos_cc32xx.a(HwiPCC32XX_nortos.c.obj)
                0x0000000020006670                HwiP_Params_init
 .text.HwiP_post
                0x0000000020006684        0x4 /Users/josephvalle/ti/simplelink_cc32xx_sdk_7_10_00_13/kernel/nortos/lib/gcc/m4/nortos_cc32xx.a(HwiPCC32XX_nortos.c.obj)
                0x0000000020006684                HwiP_post
 .text.HwiP_inISR
                0x0000000020006688       0x10 /Users/josephvalle/ti/simplelink_cc32xx_sdk_7_10_00_13/kernel/nortos/lib/gcc/m4/nortos_cc32xx.a(HwiPCC32XX_nortos.c.obj)
                0x0000000020006688                HwiP_inISR
 .text.PowerCC32XX_initPolicy
                0x0000000020006698        0x4 /Users/josephvalle/ti/simplelink_cc32xx_sdk_7_10_00_13/kernel/nortos/lib/gcc/m4/nortos_cc32xx.a(PowerCC32XX_nortos.c.obj)
                0x0000000020006698                PowerCC32XX_initPolicy
 .text.PowerCC32XX_sleepPolicy
                0x000000002000669c      0x220 /Users/josephvalle/ti/simplelink_cc32xx_sdk_7_10_00_13/kernel/nortos/lib/gcc/m4/nortos_cc32xx.a(PowerCC32XX_nortos.c.obj)
                0x000000002000669c                PowerCC32XX_sleepPolicy
 .text.nmiISR   0x00000000200068bc        0x4 /Users/josephvalle/ti/simplelink_cc32xx_sdk_7_10_00_13/kernel/nortos/lib/gcc/m4/nortos_cc32xx.a(startup_cc32xx_gcc.c.obj)
 .text.faultISR
                0x00000000200068c0        0x4 /Users/josephvalle/ti/simplelink_cc32xx_sdk_7_10_00_13/kernel/nortos/lib/gcc/m4/nortos_cc32xx.a(startup_cc32xx_gcc.c.obj)
 .text.busFaultHandler
                0x00000000200068c4        0x4 /Users/josephvalle/ti/simplelink_cc32xx_sdk_7_10_00_13/kernel/nortos/lib/gcc/m4/nortos_cc32xx.a(startup_cc32xx_gcc.c.obj)
 .text.defaultHandler
                0x00000000200068c8        0x4 /Users/josephvalle/ti/simplelink_cc32xx_sdk_7_10_00_13/kernel/nortos/lib/gcc/m4/nortos_cc32xx.a(startup_cc32xx_gcc.c.obj)
 .text.resetISR
                0x00000000200068cc       0x14 /Users/josephvalle/ti/simplelink_cc32xx_sdk_7_10_00_13/kernel/nortos/lib/gcc/m4/nortos_cc32xx.a(startup_cc32xx_gcc.c.obj)
                0x00000000200068cc                resetISR
 .text.localProgramStart
                0x00000000200068e0       0xc4 /Users/josephvalle/ti/simplelink_cc32xx_sdk_7_10_00_13/kernel/nortos/lib/gcc/m4/nortos_cc32xx.a(startup_cc32xx_gcc.c.obj)
                0x00000000200068e0                localProgramStart
 .text._fini    0x00000000200069a4        0x4 /Users/josephvalle/ti/simplelink_cc32xx_sdk_7_10_00_13/kernel/nortos/lib/gcc/m4/nortos_cc32xx.a(startup_cc32xx_gcc.c.obj)
                0x00000000200069a4                _fini
 .text.SwiP_disable
                0x00000000200069a8       0x1c /Users/josephvalle/ti/simplelink_cc32xx_sdk_7_10_00_13/kernel/nortos/lib/gcc/m4/nortos_cc32xx.a(SwiP_nortos.c.obj)
                0x00000000200069a8                SwiP_disable
 .text.SwiP_restore
                0x00000000200069c4       0x48 /Users/josephvalle/ti/simplelink_cc32xx_sdk_7_10_00_13/kernel/nortos/lib/gcc/m4/nortos_cc32xx.a(SwiP_nortos.c.obj)
                0x00000000200069c4                SwiP_restore
 .text.CPUcpsid
                0x0000000020006a0c       0x16 /Users/josephvalle/ti/simplelink_cc32xx_sdk_7_10_00_13/source/ti/devices/cc32xx/driverlib/gcc/Release/driverlib.a(cpu.obj)
                0x0000000020006a0c                CPUcpsid
 .text.CPUcpsie
                0x0000000020006a22       0x16 /Users/josephvalle/ti/simplelink_cc32xx_sdk_7_10_00_13/source/ti/devices/cc32xx/driverlib/gcc/Release/driverlib.a(cpu.obj)
                0x0000000020006a22                CPUcpsie
 .text.CPUwfi   0x0000000020006a38        0xe /Users/josephvalle/ti/simplelink_cc32xx_sdk_7_10_00_13/source/ti/devices/cc32xx/driverlib/gcc/Release/driverlib.a(cpu.obj)
                0x0000000020006a38                CPUwfi
 .text.GPIODirModeSet
                0x0000000020006a46       0x46 /Users/josephvalle/ti/simplelink_cc32xx_sdk_7_10_00_13/source/ti/devices/cc32xx/driverlib/gcc/Release/driverlib.a(gpio.obj)
                0x0000000020006a46                GPIODirModeSet
 .text.GPIOIntTypeSet
                0x0000000020006a8c       0xa2 /Users/josephvalle/ti/simplelink_cc32xx_sdk_7_10_00_13/source/ti/devices/cc32xx/driverlib/gcc/Release/driverlib.a(gpio.obj)
                0x0000000020006a8c                GPIOIntTypeSet
 .text.GPIOIntEnable
                0x0000000020006b2e       0x2a /Users/josephvalle/ti/simplelink_cc32xx_sdk_7_10_00_13/source/ti/devices/cc32xx/driverlib/gcc/Release/driverlib.a(gpio.obj)
                0x0000000020006b2e                GPIOIntEnable
 .text.GPIOIntDisable
                0x0000000020006b58       0x2a /Users/josephvalle/ti/simplelink_cc32xx_sdk_7_10_00_13/source/ti/devices/cc32xx/driverlib/gcc/Release/driverlib.a(gpio.obj)
                0x0000000020006b58                GPIOIntDisable
 .text.GPIOIntStatus
                0x0000000020006b82       0x2e /Users/josephvalle/ti/simplelink_cc32xx_sdk_7_10_00_13/source/ti/devices/cc32xx/driverlib/gcc/Release/driverlib.a(gpio.obj)
                0x0000000020006b82                GPIOIntStatus
 .text.GPIOIntClear
                0x0000000020006bb0       0x20 /Users/josephvalle/ti/simplelink_cc32xx_sdk_7_10_00_13/source/ti/devices/cc32xx/driverlib/gcc/Release/driverlib.a(gpio.obj)
                0x0000000020006bb0                GPIOIntClear
 .text.GPIOPinWrite
                0x0000000020006bd0       0x2a /Users/josephvalle/ti/simplelink_cc32xx_sdk_7_10_00_13/source/ti/devices/cc32xx/driverlib/gcc/Release/driverlib.a(gpio.obj)
                0x0000000020006bd0                GPIOPinWrite
 .text.IntDefaultHandler
                0x0000000020006bfa        0x6 /Users/josephvalle/ti/simplelink_cc32xx_sdk_7_10_00_13/source/ti/devices/cc32xx/driverlib/gcc/Release/driverlib.a(interrupt.obj)
 .text.IntMasterEnable
                0x0000000020006c00       0x10 /Users/josephvalle/ti/simplelink_cc32xx_sdk_7_10_00_13/source/ti/devices/cc32xx/driverlib/gcc/Release/driverlib.a(interrupt.obj)
                0x0000000020006c00                IntMasterEnable
 .text.IntMasterDisable
                0x0000000020006c10       0x10 /Users/josephvalle/ti/simplelink_cc32xx_sdk_7_10_00_13/source/ti/devices/cc32xx/driverlib/gcc/Release/driverlib.a(interrupt.obj)
                0x0000000020006c10                IntMasterDisable
 .text.IntVTableBaseSet
                0x0000000020006c20       0x1c /Users/josephvalle/ti/simplelink_cc32xx_sdk_7_10_00_13/source/ti/devices/cc32xx/driverlib/gcc/Release/driverlib.a(interrupt.obj)
                0x0000000020006c20                IntVTableBaseSet
 .text.IntRegister
                0x0000000020006c3c       0x2c /Users/josephvalle/ti/simplelink_cc32xx_sdk_7_10_00_13/source/ti/devices/cc32xx/driverlib/gcc/Release/driverlib.a(interrupt.obj)
                0x0000000020006c3c                IntRegister
 .text.IntUnregister
                0x0000000020006c68       0x2c /Users/josephvalle/ti/simplelink_cc32xx_sdk_7_10_00_13/source/ti/devices/cc32xx/driverlib/gcc/Release/driverlib.a(interrupt.obj)
                0x0000000020006c68                IntUnregister
 .text.IntPrioritySet
                0x0000000020006c94       0x68 /Users/josephvalle/ti/simplelink_cc32xx_sdk_7_10_00_13/source/ti/devices/cc32xx/driverlib/gcc/Release/driverlib.a(interrupt.obj)
                0x0000000020006c94                IntPrioritySet
 .text.IntEnable
                0x0000000020006cfc       0xbc /Users/josephvalle/ti/simplelink_cc32xx_sdk_7_10_00_13/source/ti/devices/cc32xx/driverlib/gcc/Release/driverlib.a(interrupt.obj)
                0x0000000020006cfc                IntEnable
 .text.IntDisable
                0x0000000020006db8       0xbc /Users/josephvalle/ti/simplelink_cc32xx_sdk_7_10_00_13/source/ti/devices/cc32xx/driverlib/gcc/Release/driverlib.a(interrupt.obj)
                0x0000000020006db8                IntDisable
 .text.IntPendSet
                0x0000000020006e74       0x9c /Users/josephvalle/ti/simplelink_cc32xx_sdk_7_10_00_13/source/ti/devices/cc32xx/driverlib/gcc/Release/driverlib.a(interrupt.obj)
                0x0000000020006e74                IntPendSet
 .text.IntPendClear
                0x0000000020006f10       0x68 /Users/josephvalle/ti/simplelink_cc32xx_sdk_7_10_00_13/source/ti/devices/cc32xx/driverlib/gcc/Release/driverlib.a(interrupt.obj)
                0x0000000020006f10                IntPendClear
 .text.PinModeSet
                0x0000000020006f78       0x48 /Users/josephvalle/ti/simplelink_cc32xx_sdk_7_10_00_13/source/ti/devices/cc32xx/driverlib/gcc/Release/driverlib.a(pin.obj)
                0x0000000020006f78                PinModeSet
 .text.PinModeGet
                0x0000000020006fc0       0x3c /Users/josephvalle/ti/simplelink_cc32xx_sdk_7_10_00_13/source/ti/devices/cc32xx/driverlib/gcc/Release/driverlib.a(pin.obj)
                0x0000000020006fc0                PinModeGet
 .text.PinDirModeSet
                0x0000000020006ffc       0x44 /Users/josephvalle/ti/simplelink_cc32xx_sdk_7_10_00_13/source/ti/devices/cc32xx/driverlib/gcc/Release/driverlib.a(pin.obj)
                0x0000000020006ffc                PinDirModeSet
 .text.PinDirModeGet
                0x0000000020007040       0x3c /Users/josephvalle/ti/simplelink_cc32xx_sdk_7_10_00_13/source/ti/devices/cc32xx/driverlib/gcc/Release/driverlib.a(pin.obj)
                0x0000000020007040                PinDirModeGet
 .text.PinConfigGet
                0x000000002000707c       0x50 /Users/josephvalle/ti/simplelink_cc32xx_sdk_7_10_00_13/source/ti/devices/cc32xx/driverlib/gcc/Release/driverlib.a(pin.obj)
                0x000000002000707c                PinConfigGet
 .text.PinConfigSet
                0x00000000200070cc       0x9c /Users/josephvalle/ti/simplelink_cc32xx_sdk_7_10_00_13/source/ti/devices/cc32xx/driverlib/gcc/Release/driverlib.a(pin.obj)
                0x00000000200070cc                PinConfigSet
 .text.PinLockLevelSet
                0x0000000020007168       0x68 /Users/josephvalle/ti/simplelink_cc32xx_sdk_7_10_00_13/source/ti/devices/cc32xx/driverlib/gcc/Release/driverlib.a(pin.obj)
                0x0000000020007168                PinLockLevelSet
 .text.PinLock  0x00000000200071d0       0x40 /Users/josephvalle/ti/simplelink_cc32xx_sdk_7_10_00_13/source/ti/devices/cc32xx/driverlib/gcc/Release/driverlib.a(pin.obj)
                0x00000000200071d0                PinLock
 .text.PinUnlock
                0x0000000020007210       0x2c /Users/josephvalle/ti/simplelink_cc32xx_sdk_7_10_00_13/source/ti/devices/cc32xx/driverlib/gcc/Release/driverlib.a(pin.obj)
                0x0000000020007210                PinUnlock
 .text.PinToPadGet
                0x000000002000723c       0x24 /Users/josephvalle/ti/simplelink_cc32xx_sdk_7_10_00_13/source/ti/devices/cc32xx/driverlib/gcc/Release/driverlib.a(pin.obj)
                0x000000002000723c                PinToPadGet
 .text.PRCMSysResetCauseGet
                0x0000000020007260       0x78 /Users/josephvalle/ti/simplelink_cc32xx_sdk_7_10_00_13/source/ti/devices/cc32xx/driverlib/gcc/Release/driverlib.a(prcm.obj)
                0x0000000020007260                PRCMSysResetCauseGet
 .text.PRCMPeripheralClkEnable
                0x00000000200072d8       0x6c /Users/josephvalle/ti/simplelink_cc32xx_sdk_7_10_00_13/source/ti/devices/cc32xx/driverlib/gcc/Release/driverlib.a(prcm.obj)
                0x00000000200072d8                PRCMPeripheralClkEnable
 .text.PRCMPeripheralClkDisable
                0x0000000020007344       0x48 /Users/josephvalle/ti/simplelink_cc32xx_sdk_7_10_00_13/source/ti/devices/cc32xx/driverlib/gcc/Release/driverlib.a(prcm.obj)
                0x0000000020007344                PRCMPeripheralClkDisable
 .text.PRCMPeripheralReset
                0x000000002000738c       0x8c /Users/josephvalle/ti/simplelink_cc32xx_sdk_7_10_00_13/source/ti/devices/cc32xx/driverlib/gcc/Release/driverlib.a(prcm.obj)
                0x000000002000738c                PRCMPeripheralReset
 .text.PRCMPeripheralStatusGet
                0x0000000020007418       0x40 /Users/josephvalle/ti/simplelink_cc32xx_sdk_7_10_00_13/source/ti/devices/cc32xx/driverlib/gcc/Release/driverlib.a(prcm.obj)
                0x0000000020007418                PRCMPeripheralStatusGet
 .text.PRCMLPDSRestoreInfoSet
                0x0000000020007458       0x50 /Users/josephvalle/ti/simplelink_cc32xx_sdk_7_10_00_13/source/ti/devices/cc32xx/driverlib/gcc/Release/driverlib.a(prcm.obj)
                0x0000000020007458                PRCMLPDSRestoreInfoSet
 .text.PRCMLPDSEnter
                0x00000000200074a8       0x50 /Users/josephvalle/ti/simplelink_cc32xx_sdk_7_10_00_13/source/ti/devices/cc32xx/driverlib/gcc/Release/driverlib.a(prcm.obj)
                0x00000000200074a8                PRCMLPDSEnter
 .text.PRCMLPDSEnterKeepDebugIf
                0x00000000200074f8       0x40 /Users/josephvalle/ti/simplelink_cc32xx_sdk_7_10_00_13/source/ti/devices/cc32xx/driverlib/gcc/Release/driverlib.a(prcm.obj)
                0x00000000200074f8                PRCMLPDSEnterKeepDebugIf
 .text.PRCMLPDSWakeupSourceEnable
                0x0000000020007538       0x30 /Users/josephvalle/ti/simplelink_cc32xx_sdk_7_10_00_13/source/ti/devices/cc32xx/driverlib/gcc/Release/driverlib.a(prcm.obj)
                0x0000000020007538                PRCMLPDSWakeupSourceEnable
 .text.PRCMLPDSWakeupSourceDisable
                0x0000000020007568       0x24 /Users/josephvalle/ti/simplelink_cc32xx_sdk_7_10_00_13/source/ti/devices/cc32xx/driverlib/gcc/Release/driverlib.a(prcm.obj)
                0x0000000020007568                PRCMLPDSWakeupSourceDisable
 .text.PRCMLPDSWakeupCauseGet
                0x000000002000758c       0x14 /Users/josephvalle/ti/simplelink_cc32xx_sdk_7_10_00_13/source/ti/devices/cc32xx/driverlib/gcc/Release/driverlib.a(prcm.obj)
                0x000000002000758c                PRCMLPDSWakeupCauseGet
 .text.PRCMLPDSIntervalSet
                0x00000000200075a0       0x34 /Users/josephvalle/ti/simplelink_cc32xx_sdk_7_10_00_13/source/ti/devices/cc32xx/driverlib/gcc/Release/driverlib.a(prcm.obj)
                0x00000000200075a0                PRCMLPDSIntervalSet
 .text.PRCMLPDSWakeUpGPIOSelect
                0x00000000200075d4       0x2c /Users/josephvalle/ti/simplelink_cc32xx_sdk_7_10_00_13/source/ti/devices/cc32xx/driverlib/gcc/Release/driverlib.a(prcm.obj)
                0x00000000200075d4                PRCMLPDSWakeUpGPIOSelect
 .text.PRCMSleepEnter
                0x0000000020007600        0xc /Users/josephvalle/ti/simplelink_cc32xx_sdk_7_10_00_13/source/ti/devices/cc32xx/driverlib/gcc/Release/driverlib.a(prcm.obj)
                0x0000000020007600                PRCMSleepEnter
 .text.PRCMSRAMRetentionEnable
                0x000000002000760c       0x2c /Users/josephvalle/ti/simplelink_cc32xx_sdk_7_10_00_13/source/ti/devices/cc32xx/driverlib/gcc/Release/driverlib.a(prcm.obj)
                0x000000002000760c                PRCMSRAMRetentionEnable
 .text.PRCMHibernateWakeupSourceEnable
                0x0000000020007638       0x50 /Users/josephvalle/ti/simplelink_cc32xx_sdk_7_10_00_13/source/ti/devices/cc32xx/driverlib/gcc/Release/driverlib.a(prcm.obj)
                0x0000000020007638                PRCMHibernateWakeupSourceEnable
 .text.PRCMHibernateWakeupSourceDisable
                0x0000000020007688       0x54 /Users/josephvalle/ti/simplelink_cc32xx_sdk_7_10_00_13/source/ti/devices/cc32xx/driverlib/gcc/Release/driverlib.a(prcm.obj)
                0x0000000020007688                PRCMHibernateWakeupSourceDisable
 .text.PRCMHibernateWakeUpGPIOSelect
                0x00000000200076dc       0x74 /Users/josephvalle/ti/simplelink_cc32xx_sdk_7_10_00_13/source/ti/devices/cc32xx/driverlib/gcc/Release/driverlib.a(prcm.obj)
                0x00000000200076dc                PRCMHibernateWakeUpGPIOSelect
 .text.PRCMSlowClkCtrFastGet
                0x0000000020007750       0x5c /Users/josephvalle/ti/simplelink_cc32xx_sdk_7_10_00_13/source/ti/devices/cc32xx/driverlib/gcc/Release/driverlib.a(prcm.obj)
                0x0000000020007750                PRCMSlowClkCtrFastGet
 .text.PRCMIntEnable
                0x00000000200077ac       0x48 /Users/josephvalle/ti/simplelink_cc32xx_sdk_7_10_00_13/source/ti/devices/cc32xx/driverlib/gcc/Release/driverlib.a(prcm.obj)
                0x00000000200077ac                PRCMIntEnable
 .text.PRCMCC3200MCUInit
                0x00000000200077f4      0x478 /Users/josephvalle/ti/simplelink_cc32xx_sdk_7_10_00_13/source/ti/devices/cc32xx/driverlib/gcc/Release/driverlib.a(prcm.obj)
                0x00000000200077f4                PRCMCC3200MCUInit
 .text.PRCMHIBRegRead
                0x0000000020007c6c       0x20 /Users/josephvalle/ti/simplelink_cc32xx_sdk_7_10_00_13/source/ti/devices/cc32xx/driverlib/gcc/Release/driverlib.a(prcm.obj)
                0x0000000020007c6c                PRCMHIBRegRead
 .text.PRCMHIBRegWrite
                0x0000000020007c8c       0x20 /Users/josephvalle/ti/simplelink_cc32xx_sdk_7_10_00_13/source/ti/devices/cc32xx/driverlib/gcc/Release/driverlib.a(prcm.obj)
                0x0000000020007c8c                PRCMHIBRegWrite
 .text.SysTickEnable
                0x0000000020007cac       0x1c /Users/josephvalle/ti/simplelink_cc32xx_sdk_7_10_00_13/source/ti/devices/cc32xx/driverlib/gcc/Release/driverlib.a(systick.obj)
                0x0000000020007cac                SysTickEnable
 .text.SysTickIntEnable
                0x0000000020007cc8       0x1c /Users/josephvalle/ti/simplelink_cc32xx_sdk_7_10_00_13/source/ti/devices/cc32xx/driverlib/gcc/Release/driverlib.a(systick.obj)
                0x0000000020007cc8                SysTickIntEnable
 .text.SysTickIntDisable
                0x0000000020007ce4       0x1c /Users/josephvalle/ti/simplelink_cc32xx_sdk_7_10_00_13/source/ti/devices/cc32xx/driverlib/gcc/Release/driverlib.a(systick.obj)
                0x0000000020007ce4                SysTickIntDisable
 .text.SysTickPeriodSet
                0x0000000020007d00       0x20 /Users/josephvalle/ti/simplelink_cc32xx_sdk_7_10_00_13/source/ti/devices/cc32xx/driverlib/gcc/Release/driverlib.a(systick.obj)
                0x0000000020007d00                SysTickPeriodSet
 .text.SysTickValueGet
                0x0000000020007d20       0x14 /Users/josephvalle/ti/simplelink_cc32xx_sdk_7_10_00_13/source/ti/devices/cc32xx/driverlib/gcc/Release/driverlib.a(systick.obj)
                0x0000000020007d20                SysTickValueGet
 .text.TimerEnable
                0x0000000020007d34       0x2a /Users/josephvalle/ti/simplelink_cc32xx_sdk_7_10_00_13/source/ti/devices/cc32xx/driverlib/gcc/Release/driverlib.a(timer.obj)
                0x0000000020007d34                TimerEnable
 .text.TimerDisable
                0x0000000020007d5e       0x2c /Users/josephvalle/ti/simplelink_cc32xx_sdk_7_10_00_13/source/ti/devices/cc32xx/driverlib/gcc/Release/driverlib.a(timer.obj)
                0x0000000020007d5e                TimerDisable
 .text.TimerControlStall
                0x0000000020007d8a       0x46 /Users/josephvalle/ti/simplelink_cc32xx_sdk_7_10_00_13/source/ti/devices/cc32xx/driverlib/gcc/Release/driverlib.a(timer.obj)
                0x0000000020007d8a                TimerControlStall
 .text.TimerPrescaleSet
                0x0000000020007dd0       0x3c /Users/josephvalle/ti/simplelink_cc32xx_sdk_7_10_00_13/source/ti/devices/cc32xx/driverlib/gcc/Release/driverlib.a(timer.obj)
                0x0000000020007dd0                TimerPrescaleSet
 .text.TimerLoadSet
                0x0000000020007e0c       0x3c /Users/josephvalle/ti/simplelink_cc32xx_sdk_7_10_00_13/source/ti/devices/cc32xx/driverlib/gcc/Release/driverlib.a(timer.obj)
                0x0000000020007e0c                TimerLoadSet
 .text.TimerIntEnable
                0x0000000020007e48       0x26 /Users/josephvalle/ti/simplelink_cc32xx_sdk_7_10_00_13/source/ti/devices/cc32xx/driverlib/gcc/Release/driverlib.a(timer.obj)
                0x0000000020007e48                TimerIntEnable
 .text.TimerIntDisable
                0x0000000020007e6e       0x26 /Users/josephvalle/ti/simplelink_cc32xx_sdk_7_10_00_13/source/ti/devices/cc32xx/driverlib/gcc/Release/driverlib.a(timer.obj)
                0x0000000020007e6e                TimerIntDisable
 .text.TimerIntClear
                0x0000000020007e94       0x1e /Users/josephvalle/ti/simplelink_cc32xx_sdk_7_10_00_13/source/ti/devices/cc32xx/driverlib/gcc/Release/driverlib.a(timer.obj)
                0x0000000020007e94                TimerIntClear
 .text.UtilsDelay
                0x0000000020007eb2        0xa /Users/josephvalle/ti/simplelink_cc32xx_sdk_7_10_00_13/source/ti/devices/cc32xx/driverlib/gcc/Release/driverlib.a(utils.obj)
                0x0000000020007eb2                UtilsDelay
 .text.FlashDisable
                0x0000000020007ebc       0x50 /Users/josephvalle/ti/simplelink_cc32xx_sdk_7_10_00_13/source/ti/devices/cc32xx/driverlib/gcc/Release/driverlib.a(flash.obj)
                0x0000000020007ebc                FlashDisable
 .text.malloc   0x0000000020007f0c       0x10 /Applications/ti/ccs1240/ccs/tools/compiler/gcc-arm-none-eabi-9-2019-q4-major/arm-none-eabi/lib/thumb/v7e-m/nofp/libc_nano.a(lib_a-malloc.o)
                0x0000000020007f0c                malloc
 .text.free     0x0000000020007f1c       0x10 /Applications/ti/ccs1240/ccs/tools/compiler/gcc-arm-none-eabi-9-2019-q4-major/arm-none-eabi/lib/thumb/v7e-m/nofp/libc_nano.a(lib_a-malloc.o)
                0x0000000020007f1c                free
 .text.memcpy   0x0000000020007f2c       0x1c /Applications/ti/ccs1240/ccs/tools/compiler/gcc-arm-none-eabi-9-2019-q4-major/arm-none-eabi/lib/thumb/v7e-m/nofp/libc_nano.a(lib_a-memcpy-stub.o)
                0x0000000020007f2c                memcpy
 .text.memset   0x0000000020007f48       0x10 /Applications/ti/ccs1240/ccs/tools/compiler/gcc-arm-none-eabi-9-2019-q4-major/arm-none-eabi/lib/thumb/v7e-m/nofp/libc_nano.a(lib_a-memset.o)
                0x0000000020007f48                memset
 .text._free_r  0x0000000020007f58       0x9c /Applications/ti/ccs1240/ccs/tools/compiler/gcc-arm-none-eabi-9-2019-q4-major/arm-none-eabi/lib/thumb/v7e-m/nofp/libc_nano.a(lib_a-nano-freer.o)
                0x0000000020007f58                _free_r
 .text._malloc_r
                0x0000000020007ff4       0xb4 /Applications/ti/ccs1240/ccs/tools/compiler/gcc-arm-none-eabi-9-2019-q4-major/arm-none-eabi/lib/thumb/v7e-m/nofp/libc_nano.a(lib_a-nano-mallocr.o)
                0x0000000020007ff4                _malloc_r
 .text._sbrk_r  0x00000000200080a8       0x20 /Applications/ti/ccs1240/ccs/tools/compiler/gcc-arm-none-eabi-9-2019-q4-major/arm-none-eabi/lib/thumb/v7e-m/nofp/libc_nano.a(lib_a-sbrkr.o)
                0x00000000200080a8                _sbrk_r
 .text.__malloc_lock
                0x00000000200080c8        0xc /Applications/ti/ccs1240/ccs/tools/compiler/gcc-arm-none-eabi-9-2019-q4-major/arm-none-eabi/lib/thumb/v7e-m/nofp/libc_nano.a(lib_a-mlock.o)
                0x00000000200080c8                __malloc_lock
 .text.__malloc_unlock
                0x00000000200080d4        0xc /Applications/ti/ccs1240/ccs/tools/compiler/gcc-arm-none-eabi-9-2019-q4-major/arm-none-eabi/lib/thumb/v7e-m/nofp/libc_nano.a(lib_a-mlock.o)
                0x00000000200080d4                __malloc_unlock
 .text.__retarget_lock_acquire_recursive
                0x00000000200080e0        0x2 /Applications/ti/ccs1240/ccs/tools/compiler/gcc-arm-none-eabi-9-2019-q4-major/arm-none-eabi/lib/thumb/v7e-m/nofp/libc_nano.a(lib_a-lock.o)
                0x00000000200080e0                __retarget_lock_acquire_recursive
 .text.__retarget_lock_release_recursive
                0x00000000200080e2        0x2 /Applications/ti/ccs1240/ccs/tools/compiler/gcc-arm-none-eabi-9-2019-q4-major/arm-none-eabi/lib/thumb/v7e-m/nofp/libc_nano.a(lib_a-lock.o)
                0x00000000200080e2                __retarget_lock_release_recursive
 .text._sbrk    0x00000000200080e4       0x1c /Applications/ti/ccs1240/ccs/tools/compiler/gcc-arm-none-eabi-9-2019-q4-major/arm-none-eabi/lib/thumb/v7e-m/nofp/libnosys.a(sbrk.o)
                0x00000000200080e4                _sbrk
                0x0000000020008100                . = ALIGN (0x4)
 *(.ctors)
                0x0000000020008100                . = ALIGN (0x4)
 *(.dtors)
                0x0000000020008100                . = ALIGN (0x4)
                0x0000000020008100                __init_array_start = .
 *(.init_array*)
                0x0000000020008100                __init_array_end = .
 *(.init)
 *(.fini*)
                [!provide]                        PROVIDE (__etext = .)
                [!provide]                        PROVIDE (_etext = .)
                [!provide]                        PROVIDE (etext = .)

.glue_7         0x0000000020008100        0x0
 .glue_7        0x0000000020008100        0x0 linker stubs

.glue_7t        0x0000000020008100        0x0
 .glue_7t       0x0000000020008100        0x0 linker stubs

.vfp11_veneer   0x0000000020008100        0x0
 .vfp11_veneer  0x0000000020008100        0x0 linker stubs

.v4_bx          0x0000000020008100        0x0
 .v4_bx         0x0000000020008100        0x0 linker stubs

.iplt           0x0000000020008100        0x0
 .iplt          0x0000000020008100        0x0 ./gpiointerrupt.o

.rodata         0x0000000020008100      0x3bc
 *(.rodata)
 *(.rodata*)
 .rodata.mainThread.str1.4
                0x0000000020008100        0x7 ./gpiointerrupt.o
 *fill*         0x0000000020008107        0x1 
 .rodata.GPIO_config
                0x0000000020008108       0x10 ./syscfg/ti_drivers_config.o
                0x0000000020008108                GPIO_config
 .rodata.GPIO_pinUpperBound
                0x0000000020008118        0x1 ./syscfg/ti_drivers_config.o
                0x0000000020008118                GPIO_pinUpperBound
 *fill*         0x0000000020008119        0x3 
 .rodata.PowerCC32XX_config
                0x000000002000811c       0x44 ./syscfg/ti_drivers_config.o
                0x000000002000811c                PowerCC32XX_config
 .rodata.Timer_config
                0x0000000020008160        0x8 ./syscfg/ti_drivers_config.o
                0x0000000020008160                Timer_config
 .rodata.Timer_count
                0x0000000020008168        0x1 ./syscfg/ti_drivers_config.o
                0x0000000020008168                Timer_count
 *fill*         0x0000000020008169        0x3 
 .rodata.timerCC32XXHWAttrs
                0x000000002000816c       0x10 ./syscfg/ti_drivers_config.o
                0x000000002000816c                timerCC32XXHWAttrs
 .rodata.pinTable
                0x000000002000817c       0x21 /Users/josephvalle/ti/simplelink_cc32xx_sdk_7_10_00_13/source/ti/drivers/lib/gcc/m4/drivers_cc32xx.a(GPIOCC32XX.c.obj)
 *fill*         0x000000002000819d        0x3 
 .rodata.portConfigs
                0x00000000200081a0       0x28 /Users/josephvalle/ti/simplelink_cc32xx_sdk_7_10_00_13/source/ti/drivers/lib/gcc/m4/drivers_cc32xx.a(GPIOCC32XX.c.obj)
 .rodata.defaultParams
                0x00000000200081c8        0xc /Users/josephvalle/ti/simplelink_cc32xx_sdk_7_10_00_13/source/ti/drivers/lib/gcc/m4/drivers_cc32xx.a(Timer.c.obj)
 .rodata.defaultParams
                0x00000000200081d4        0xc /Users/josephvalle/ti/simplelink_cc32xx_sdk_7_10_00_13/source/ti/drivers/lib/gcc/m4/drivers_cc32xx.a(TimerCC32XX.c.obj)
 .rodata.g_pulRegs
                0x00000000200081e0       0xd4 /Users/josephvalle/ti/simplelink_cc32xx_sdk_7_10_00_13/source/ti/devices/cc32xx/driverlib/gcc/Release/driverlib.a(interrupt.obj)
 .rodata.g_pulEnRegs
                0x00000000200082b4       0x18 /Users/josephvalle/ti/simplelink_cc32xx_sdk_7_10_00_13/source/ti/devices/cc32xx/driverlib/gcc/Release/driverlib.a(interrupt.obj)
 .rodata.g_pulDisRegs
                0x00000000200082cc       0x18 /Users/josephvalle/ti/simplelink_cc32xx_sdk_7_10_00_13/source/ti/devices/cc32xx/driverlib/gcc/Release/driverlib.a(interrupt.obj)
 .rodata.g_pulPendRegs
                0x00000000200082e4       0x18 /Users/josephvalle/ti/simplelink_cc32xx_sdk_7_10_00_13/source/ti/devices/cc32xx/driverlib/gcc/Release/driverlib.a(interrupt.obj)
 .rodata.g_pulUnpendRegs
                0x00000000200082fc       0x18 /Users/josephvalle/ti/simplelink_cc32xx_sdk_7_10_00_13/source/ti/devices/cc32xx/driverlib/gcc/Release/driverlib.a(interrupt.obj)
 .rodata.g_ulPinToPadMap
                0x0000000020008314      0x100 /Users/josephvalle/ti/simplelink_cc32xx_sdk_7_10_00_13/source/ti/devices/cc32xx/driverlib/gcc/Release/driverlib.a(pin.obj)
 .rodata.PRCM_PeriphRegsList
                0x0000000020008414       0xa8 /Users/josephvalle/ti/simplelink_cc32xx_sdk_7_10_00_13/source/ti/devices/cc32xx/driverlib/gcc/Release/driverlib.a(prcm.obj)

.data           0x00000000200084bc      0x360
                0x00000000200084bc                __data_load__ = LOADADDR (.data)
                0x00000000200084bc                __data_start__ = .
 *(.data)
 *(.data*)
 .data.message  0x00000000200084bc        0x4 ./gpiointerrupt.o
 .data.gpioPinConfigs
                0x00000000200084c0       0x84 ./syscfg/ti_drivers_config.o
                0x00000000200084c0                gpioPinConfigs
 .data.parkInfo
                0x0000000020008544       0xf8 ./syscfg/ti_drivers_config.o
                0x0000000020008544                parkInfo
 .data.PowerCC32XX_module
                0x000000002000863c      0x16c /Users/josephvalle/ti/simplelink_cc32xx_sdk_7_10_00_13/source/ti/drivers/lib/gcc/m4/drivers_cc32xx.a(PowerCC32XX.c.obj)
                0x000000002000863c                PowerCC32XX_module
 .data.SemaphoreP_defaultParams
                0x00000000200087a8        0x8 /Users/josephvalle/ti/simplelink_cc32xx_sdk_7_10_00_13/kernel/nortos/lib/gcc/m4/nortos_cc32xx.a(SemaphoreP_nortos.c.obj)
                0x00000000200087a8                SemaphoreP_defaultParams
 .data.ClockP_tickPeriod
                0x00000000200087b0        0x4 /Users/josephvalle/ti/simplelink_cc32xx_sdk_7_10_00_13/kernel/nortos/lib/gcc/m4/nortos_cc32xx.a(ClockPSysTick_nortos.c.obj)
                0x00000000200087b0                ClockP_tickPeriod
 .data.HwiP_swiPIntNum
                0x00000000200087b4        0x4 /Users/josephvalle/ti/simplelink_cc32xx_sdk_7_10_00_13/kernel/nortos/lib/gcc/m4/nortos_cc32xx.a(HwiPCC32XX_nortos.c.obj)
                0x00000000200087b4                HwiP_swiPIntNum
 .data._impure_ptr
                0x00000000200087b8        0x4 /Applications/ti/ccs1240/ccs/tools/compiler/gcc-arm-none-eabi-9-2019-q4-major/arm-none-eabi/lib/thumb/v7e-m/nofp/libc_nano.a(lib_a-impure.o)
                0x00000000200087b8                _impure_ptr
 .data.impure_data
                0x00000000200087bc       0x60 /Applications/ti/ccs1240/ccs/tools/compiler/gcc-arm-none-eabi-9-2019-q4-major/arm-none-eabi/lib/thumb/v7e-m/nofp/libc_nano.a(lib_a-impure.o)
                0x000000002000881c                . = ALIGN (0x4)
                0x000000002000881c                __data_end__ = .

.igot.plt       0x000000002000881c        0x0
 .igot.plt      0x000000002000881c        0x0 ./gpiointerrupt.o

.ARM.exidx      0x000000002000881c        0x8
                0x000000002000881c                __exidx_start = .
 *(.ARM.exidx* .gnu.linkonce.armexidx.*)
 .ARM.exidx     0x000000002000881c        0x8 /Applications/ti/ccs1240/ccs/tools/compiler/gcc-arm-none-eabi-9-2019-q4-major/bin/../lib/gcc/arm-none-eabi/9.2.1/thumb/v7e-m/nofp/libgcc.a(_udivmoddi4.o)
                0x0000000020008824                __exidx_end = .

.rel.dyn        0x0000000020008824        0x0
 .rel.iplt      0x0000000020008824        0x0 ./gpiointerrupt.o

.ARM.extab
 *(.ARM.extab* .gnu.linkonce.armextab.*)

.bss            0x0000000020008828      0x638
                0x0000000020008828                __bss_start__ = .
 *(.shbss)
 *(.bss)
 *(.bss.*)
 .bss.buttonPressed
                0x0000000020008828        0x4 ./gpiointerrupt.o
 .bss.dotCount  0x000000002000882c        0x4 ./gpiointerrupt.o
 .bss.messageIndex
                0x0000000020008830        0x4 ./gpiointerrupt.o
 .bss.initCalled
                0x0000000020008834        0x1 /Users/josephvalle/ti/simplelink_cc32xx_sdk_7_10_00_13/source/ti/drivers/lib/gcc/m4/drivers_cc32xx.a(GPIOCC32XX.c.obj)
 *fill*         0x0000000020008835        0x3 
 .bss.initSem.4818
                0x0000000020008838        0x4 /Users/josephvalle/ti/simplelink_cc32xx_sdk_7_10_00_13/source/ti/drivers/lib/gcc/m4/drivers_cc32xx.a(GPIOCC32XX.c.obj)
 .bss.portHwiCreatedBitMask
                0x000000002000883c        0x1 /Users/josephvalle/ti/simplelink_cc32xx_sdk_7_10_00_13/source/ti/drivers/lib/gcc/m4/drivers_cc32xx.a(GPIOCC32XX.c.obj)
 *fill*         0x000000002000883d        0x3 
 .bss.powerNotifyObj
                0x0000000020008840       0x14 /Users/josephvalle/ti/simplelink_cc32xx_sdk_7_10_00_13/source/ti/drivers/lib/gcc/m4/drivers_cc32xx.a(GPIOCC32XX.c.obj)
 .bss.timerState
                0x0000000020008854        0x4 /Users/josephvalle/ti/simplelink_cc32xx_sdk_7_10_00_13/source/ti/drivers/lib/gcc/m4/drivers_cc32xx.a(TimerCC32XX.c.obj)
 .bss.SemaphoreP_initialized
                0x0000000020008858        0x1 /Users/josephvalle/ti/simplelink_cc32xx_sdk_7_10_00_13/kernel/nortos/lib/gcc/m4/nortos_cc32xx.a(SemaphoreP_nortos.c.obj)
 .bss.doEnablePolicy
                0x0000000020008859        0x1 /Users/josephvalle/ti/simplelink_cc32xx_sdk_7_10_00_13/kernel/nortos/lib/gcc/m4/nortos_cc32xx.a(SemaphoreP_nortos.c.obj)
 .bss.pendInProgress
                0x000000002000885a        0x1 /Users/josephvalle/ti/simplelink_cc32xx_sdk_7_10_00_13/kernel/nortos/lib/gcc/m4/nortos_cc32xx.a(SemaphoreP_nortos.c.obj)
 .bss.ClockP_initialized
                0x000000002000885b        0x1 /Users/josephvalle/ti/simplelink_cc32xx_sdk_7_10_00_13/kernel/nortos/lib/gcc/m4/nortos_cc32xx.a(ClockPSysTick_nortos.c.obj)
 .bss.sysTickPeriod
                0x000000002000885c        0x4 /Users/josephvalle/ti/simplelink_cc32xx_sdk_7_10_00_13/kernel/nortos/lib/gcc/m4/nortos_cc32xx.a(ClockPSysTick_nortos.c.obj)
 .bss.HwiP_dispatchTable
                0x0000000020008860      0x30c /Users/josephvalle/ti/simplelink_cc32xx_sdk_7_10_00_13/kernel/nortos/lib/gcc/m4/nortos_cc32xx.a(HwiPCC32XX_nortos.c.obj)
 .bss.SwiP_lockState
                0x0000000020008b6c        0x4 /Users/josephvalle/ti/simplelink_cc32xx_sdk_7_10_00_13/kernel/nortos/lib/gcc/m4/nortos_cc32xx.a(SwiP_nortos.c.obj)
 .bss.SwiP_readyMask
                0x0000000020008b70        0x4 /Users/josephvalle/ti/simplelink_cc32xx_sdk_7_10_00_13/kernel/nortos/lib/gcc/m4/nortos_cc32xx.a(SwiP_nortos.c.obj)
 .bss.SwiP_schedulerRunning
                0x0000000020008b74        0x1 /Users/josephvalle/ti/simplelink_cc32xx_sdk_7_10_00_13/kernel/nortos/lib/gcc/m4/nortos_cc32xx.a(SwiP_nortos.c.obj)
 *fill*         0x0000000020008b75        0x3 
 .bss.__malloc_free_list
                0x0000000020008b78        0x4 /Applications/ti/ccs1240/ccs/tools/compiler/gcc-arm-none-eabi-9-2019-q4-major/arm-none-eabi/lib/thumb/v7e-m/nofp/libc_nano.a(lib_a-nano-mallocr.o)
                0x0000000020008b78                __malloc_free_list
 .bss.__malloc_sbrk_start
                0x0000000020008b7c        0x4 /Applications/ti/ccs1240/ccs/tools/compiler/gcc-arm-none-eabi-9-2019-q4-major/arm-none-eabi/lib/thumb/v7e-m/nofp/libc_nano.a(lib_a-nano-mallocr.o)
                0x0000000020008b7c                __malloc_sbrk_start
 .bss.heap_end.4144
                0x0000000020008b80        0x4 /Applications/ti/ccs1240/ccs/tools/compiler/gcc-arm-none-eabi-9-2019-q4-major/arm-none-eabi/lib/thumb/v7e-m/nofp/libnosys.a(sbrk.o)
 *(COMMON)
 COMMON         0x0000000020008b84      0x18c ./syscfg/ti_drivers_config.o
                0x0000000020008b84                gpioCallbackFunctions
                0x0000000020008c08                timerCC32XXObjects
                0x0000000020008c8c                gpioUserArgs
 COMMON         0x0000000020008d10      0x12c /Users/josephvalle/ti/simplelink_cc32xx_sdk_7_10_00_13/source/ti/drivers/lib/gcc/m4/drivers_cc32xx.a(PowerCC32XX.c.obj)
                0x0000000020008d10                PowerCC32XX_contextSave
 *fill*         0x0000000020008e3c        0x4 
 COMMON         0x0000000020008e40       0x10 /Users/josephvalle/ti/simplelink_cc32xx_sdk_7_10_00_13/kernel/nortos/lib/gcc/m4/nortos_cc32xx.a(ClockPSysTick_nortos.c.obj)
                0x0000000020008e40                ClockP_ctrl
 COMMON         0x0000000020008e50        0x4 /Applications/ti/ccs1240/ccs/tools/compiler/gcc-arm-none-eabi-9-2019-q4-major/arm-none-eabi/lib/thumb/v7e-m/nofp/libc_nano.a(lib_a-reent.o)
                0x0000000020008e50                errno
 COMMON         0x0000000020008e54        0x9 /Applications/ti/ccs1240/ccs/tools/compiler/gcc-arm-none-eabi-9-2019-q4-major/arm-none-eabi/lib/thumb/v7e-m/nofp/libc_nano.a(lib_a-lock.o)
                0x0000000020008e54                __lock___atexit_recursive_mutex
                0x0000000020008e55                __lock___arc4random_mutex
                0x0000000020008e56                __lock___env_recursive_mutex
                0x0000000020008e57                __lock___sinit_recursive_mutex
                0x0000000020008e58                __lock___malloc_recursive_mutex
                0x0000000020008e59                __lock___at_quick_exit_mutex
                0x0000000020008e5a                __lock___dd_hash_mutex
                0x0000000020008e5b                __lock___tz_mutex
                0x0000000020008e5c                __lock___sfp_recursive_mutex
                0x0000000020008e60                . = ALIGN (0x4)
 *fill*         0x0000000020008e5d        0x3 
                0x0000000020008e60                __bss_end__ = .

.heap           0x0000000020008e60     0x8000
                0x0000000020008e60                __heap_start__ = .
                0x0000000020008e60                end = __heap_start__
                0x0000000020008e60                _end = end
                0x0000000020008e60                __end = end
                0x0000000020010e60                . = (. + HEAP_SIZE)
 *fill*         0x0000000020008e60     0x8000 
 *(.heap)
                0x0000000020010e60                __heap_end__ = .
                0x0000000020010e60                __HeapLimit = __heap_end__

.stack          0x0000000020010e60     0x1000
                0x0000000020010e60                _stack = .
                0x0000000020010e60                __stack = .
 *(.stack)
                0x0000000020011e60                . = (. + STACKSIZE)
 *fill*         0x0000000020010e60     0x1000 
                0x0000000020011e60                _stack_end = .
                0x0000000020011e60                __stack_end = .

.log_data
 *(.log_data)

.log_ptr
 *(.log_ptr*)
LOAD /Users/josephvalle/workspace_v12/gpiointerrupt_CC3220S_LAUNCHXL_nortos_gcc/MCU+Image/syscfg/ti_utils_build_linker.cmd.genlibs
LOAD /Users/josephvalle/ti/simplelink_cc32xx_sdk_7_10_00_13/source/ti/drivers/lib/gcc/m4/drivers_cc32xx.a
LOAD /Users/josephvalle/ti/simplelink_cc32xx_sdk_7_10_00_13/source/ti/grlib/lib/gcc/m4/grlib.a
LOAD /Users/josephvalle/ti/simplelink_cc32xx_sdk_7_10_00_13/kernel/nortos/lib/gcc/m4/nortos_cc32xx.a
LOAD /Users/josephvalle/ti/simplelink_cc32xx_sdk_7_10_00_13/source/ti/devices/cc32xx/driverlib/gcc/Release/driverlib.a
LOAD /Applications/ti/ccs1240/ccs/tools/compiler/gcc-arm-none-eabi-9-2019-q4-major/bin/../lib/gcc/arm-none-eabi/9.2.1/thumb/v7e-m/nofp/libgcc.a
LOAD /Applications/ti/ccs1240/ccs/tools/compiler/gcc-arm-none-eabi-9-2019-q4-major/arm-none-eabi/lib/thumb/v7e-m/nofp/libc_nano.a
LOAD /Applications/ti/ccs1240/ccs/tools/compiler/gcc-arm-none-eabi-9-2019-q4-major/arm-none-eabi/lib/thumb/v7e-m/nofp/libm.a
LOAD /Applications/ti/ccs1240/ccs/tools/compiler/gcc-arm-none-eabi-9-2019-q4-major/arm-none-eabi/lib/thumb/v7e-m/nofp/libnosys.a
START GROUP
LOAD /Applications/ti/ccs1240/ccs/tools/compiler/gcc-arm-none-eabi-9-2019-q4-major/bin/../lib/gcc/arm-none-eabi/9.2.1/thumb/v7e-m/nofp/libgcc.a
LOAD /Applications/ti/ccs1240/ccs/tools/compiler/gcc-arm-none-eabi-9-2019-q4-major/arm-none-eabi/lib/thumb/v7e-m/nofp/libg_nano.a
LOAD /Applications/ti/ccs1240/ccs/tools/compiler/gcc-arm-none-eabi-9-2019-q4-major/arm-none-eabi/lib/thumb/v7e-m/nofp/libc_nano.a
END GROUP
START GROUP
LOAD /Applications/ti/ccs1240/ccs/tools/compiler/gcc-arm-none-eabi-9-2019-q4-major/bin/../lib/gcc/arm-none-eabi/9.2.1/thumb/v7e-m/nofp/libgcc.a
LOAD /Applications/ti/ccs1240/ccs/tools/compiler/gcc-arm-none-eabi-9-2019-q4-major/arm-none-eabi/lib/thumb/v7e-m/nofp/libc_nano.a
END GROUP
OUTPUT(gpiointerrupt_CC3220S_LAUNCHXL_nortos_gcc.out elf32-littlearm)

.debug_info     0x0000000000000000    0x11e56
 .debug_info    0x0000000000000000      0xcc1 ./gpiointerrupt.o
 .debug_info    0x0000000000000cc1      0x96b ./syscfg/ti_drivers_config.o
 .debug_info    0x000000000000162c       0x82 ./main_nortos.o
 .debug_info    0x00000000000016ae      0xaa4 /Users/josephvalle/ti/simplelink_cc32xx_sdk_7_10_00_13/source/ti/drivers/lib/gcc/m4/drivers_cc32xx.a(GPIO.c.obj)
 .debug_info    0x0000000000002152     0x10c8 /Users/josephvalle/ti/simplelink_cc32xx_sdk_7_10_00_13/source/ti/drivers/lib/gcc/m4/drivers_cc32xx.a(GPIOCC32XX.c.obj)
 .debug_info    0x000000000000321a     0x1f70 /Users/josephvalle/ti/simplelink_cc32xx_sdk_7_10_00_13/source/ti/drivers/lib/gcc/m4/drivers_cc32xx.a(PowerCC32XX.c.obj)
 .debug_info    0x000000000000518a     0x101d /Users/josephvalle/ti/simplelink_cc32xx_sdk_7_10_00_13/source/ti/drivers/lib/gcc/m4/drivers_cc32xx.a(Timer.c.obj)
 .debug_info    0x00000000000061a7     0x126b /Users/josephvalle/ti/simplelink_cc32xx_sdk_7_10_00_13/source/ti/drivers/lib/gcc/m4/drivers_cc32xx.a(TimerCC32XX.c.obj)
 .debug_info    0x0000000000007412      0xc58 /Users/josephvalle/ti/simplelink_cc32xx_sdk_7_10_00_13/source/ti/drivers/lib/gcc/m4/drivers_cc32xx.a(List.c.obj)
 .debug_info    0x000000000000806a      0x1ec /Users/josephvalle/ti/simplelink_cc32xx_sdk_7_10_00_13/kernel/nortos/lib/gcc/m4/nortos_cc32xx.a(NoRTOS.c.obj)
 .debug_info    0x0000000000008256      0x124 /Users/josephvalle/ti/simplelink_cc32xx_sdk_7_10_00_13/kernel/nortos/lib/gcc/m4/nortos_cc32xx.a(posix_sleep.c.obj)
 .debug_info    0x000000000000837a     0x1498 /Users/josephvalle/ti/simplelink_cc32xx_sdk_7_10_00_13/kernel/nortos/lib/gcc/m4/nortos_cc32xx.a(SemaphoreP_nortos.c.obj)
 .debug_info    0x0000000000009812     0x1b01 /Users/josephvalle/ti/simplelink_cc32xx_sdk_7_10_00_13/kernel/nortos/lib/gcc/m4/nortos_cc32xx.a(ClockPSysTick_nortos.c.obj)
 .debug_info    0x000000000000b313     0x17d2 /Users/josephvalle/ti/simplelink_cc32xx_sdk_7_10_00_13/kernel/nortos/lib/gcc/m4/nortos_cc32xx.a(HwiPCC32XX_nortos.c.obj)
 .debug_info    0x000000000000cae5      0x8aa /Users/josephvalle/ti/simplelink_cc32xx_sdk_7_10_00_13/kernel/nortos/lib/gcc/m4/nortos_cc32xx.a(PowerCC32XX_nortos.c.obj)
 .debug_info    0x000000000000d38f      0xb83 /Users/josephvalle/ti/simplelink_cc32xx_sdk_7_10_00_13/kernel/nortos/lib/gcc/m4/nortos_cc32xx.a(startup_cc32xx_gcc.c.obj)
 .debug_info    0x000000000000df12     0x1a3a /Users/josephvalle/ti/simplelink_cc32xx_sdk_7_10_00_13/kernel/nortos/lib/gcc/m4/nortos_cc32xx.a(SwiP_nortos.c.obj)
 .debug_info    0x000000000000f94c      0x109 /Users/josephvalle/ti/simplelink_cc32xx_sdk_7_10_00_13/source/ti/devices/cc32xx/driverlib/gcc/Release/driverlib.a(cpu.obj)
 .debug_info    0x000000000000fa55      0x3e6 /Users/josephvalle/ti/simplelink_cc32xx_sdk_7_10_00_13/source/ti/devices/cc32xx/driverlib/gcc/Release/driverlib.a(gpio.obj)
 .debug_info    0x000000000000fe3b      0x3a3 /Users/josephvalle/ti/simplelink_cc32xx_sdk_7_10_00_13/source/ti/devices/cc32xx/driverlib/gcc/Release/driverlib.a(interrupt.obj)
 .debug_info    0x00000000000101de      0x545 /Users/josephvalle/ti/simplelink_cc32xx_sdk_7_10_00_13/source/ti/devices/cc32xx/driverlib/gcc/Release/driverlib.a(pin.obj)
 .debug_info    0x0000000000010723      0xc9c /Users/josephvalle/ti/simplelink_cc32xx_sdk_7_10_00_13/source/ti/devices/cc32xx/driverlib/gcc/Release/driverlib.a(prcm.obj)
 .debug_info    0x00000000000113bf      0x10e /Users/josephvalle/ti/simplelink_cc32xx_sdk_7_10_00_13/source/ti/devices/cc32xx/driverlib/gcc/Release/driverlib.a(systick.obj)
 .debug_info    0x00000000000114cd      0x612 /Users/josephvalle/ti/simplelink_cc32xx_sdk_7_10_00_13/source/ti/devices/cc32xx/driverlib/gcc/Release/driverlib.a(timer.obj)
 .debug_info    0x0000000000011adf       0x52 /Users/josephvalle/ti/simplelink_cc32xx_sdk_7_10_00_13/source/ti/devices/cc32xx/driverlib/gcc/Release/driverlib.a(utils.obj)
 .debug_info    0x0000000000011b31      0x325 /Users/josephvalle/ti/simplelink_cc32xx_sdk_7_10_00_13/source/ti/devices/cc32xx/driverlib/gcc/Release/driverlib.a(flash.obj)

.debug_abbrev   0x0000000000000000     0x3f20
 .debug_abbrev  0x0000000000000000      0x27e ./gpiointerrupt.o
 .debug_abbrev  0x000000000000027e      0x1c3 ./syscfg/ti_drivers_config.o
 .debug_abbrev  0x0000000000000441       0x43 ./main_nortos.o
 .debug_abbrev  0x0000000000000484      0x23f /Users/josephvalle/ti/simplelink_cc32xx_sdk_7_10_00_13/source/ti/drivers/lib/gcc/m4/drivers_cc32xx.a(GPIO.c.obj)
 .debug_abbrev  0x00000000000006c3      0x386 /Users/josephvalle/ti/simplelink_cc32xx_sdk_7_10_00_13/source/ti/drivers/lib/gcc/m4/drivers_cc32xx.a(GPIOCC32XX.c.obj)
 .debug_abbrev  0x0000000000000a49      0x509 /Users/josephvalle/ti/simplelink_cc32xx_sdk_7_10_00_13/source/ti/drivers/lib/gcc/m4/drivers_cc32xx.a(PowerCC32XX.c.obj)
 .debug_abbrev  0x0000000000000f52      0x303 /Users/josephvalle/ti/simplelink_cc32xx_sdk_7_10_00_13/source/ti/drivers/lib/gcc/m4/drivers_cc32xx.a(Timer.c.obj)
 .debug_abbrev  0x0000000000001255      0x458 /Users/josephvalle/ti/simplelink_cc32xx_sdk_7_10_00_13/source/ti/drivers/lib/gcc/m4/drivers_cc32xx.a(TimerCC32XX.c.obj)
 .debug_abbrev  0x00000000000016ad      0x27b /Users/josephvalle/ti/simplelink_cc32xx_sdk_7_10_00_13/source/ti/drivers/lib/gcc/m4/drivers_cc32xx.a(List.c.obj)
 .debug_abbrev  0x0000000000001928      0x116 /Users/josephvalle/ti/simplelink_cc32xx_sdk_7_10_00_13/kernel/nortos/lib/gcc/m4/nortos_cc32xx.a(NoRTOS.c.obj)
 .debug_abbrev  0x0000000000001a3e       0xaa /Users/josephvalle/ti/simplelink_cc32xx_sdk_7_10_00_13/kernel/nortos/lib/gcc/m4/nortos_cc32xx.a(posix_sleep.c.obj)
 .debug_abbrev  0x0000000000001ae8      0x470 /Users/josephvalle/ti/simplelink_cc32xx_sdk_7_10_00_13/kernel/nortos/lib/gcc/m4/nortos_cc32xx.a(SemaphoreP_nortos.c.obj)
 .debug_abbrev  0x0000000000001f58      0x5d6 /Users/josephvalle/ti/simplelink_cc32xx_sdk_7_10_00_13/kernel/nortos/lib/gcc/m4/nortos_cc32xx.a(ClockPSysTick_nortos.c.obj)
 .debug_abbrev  0x000000000000252e      0x4e6 /Users/josephvalle/ti/simplelink_cc32xx_sdk_7_10_00_13/kernel/nortos/lib/gcc/m4/nortos_cc32xx.a(HwiPCC32XX_nortos.c.obj)
 .debug_abbrev  0x0000000000002a14      0x249 /Users/josephvalle/ti/simplelink_cc32xx_sdk_7_10_00_13/kernel/nortos/lib/gcc/m4/nortos_cc32xx.a(PowerCC32XX_nortos.c.obj)
 .debug_abbrev  0x0000000000002c5d      0x301 /Users/josephvalle/ti/simplelink_cc32xx_sdk_7_10_00_13/kernel/nortos/lib/gcc/m4/nortos_cc32xx.a(startup_cc32xx_gcc.c.obj)
 .debug_abbrev  0x0000000000002f5e      0x523 /Users/josephvalle/ti/simplelink_cc32xx_sdk_7_10_00_13/kernel/nortos/lib/gcc/m4/nortos_cc32xx.a(SwiP_nortos.c.obj)
 .debug_abbrev  0x0000000000003481       0xe0 /Users/josephvalle/ti/simplelink_cc32xx_sdk_7_10_00_13/source/ti/devices/cc32xx/driverlib/gcc/Release/driverlib.a(cpu.obj)
 .debug_abbrev  0x0000000000003561      0x12e /Users/josephvalle/ti/simplelink_cc32xx_sdk_7_10_00_13/source/ti/devices/cc32xx/driverlib/gcc/Release/driverlib.a(gpio.obj)
 .debug_abbrev  0x000000000000368f      0x15d /Users/josephvalle/ti/simplelink_cc32xx_sdk_7_10_00_13/source/ti/devices/cc32xx/driverlib/gcc/Release/driverlib.a(interrupt.obj)
 .debug_abbrev  0x00000000000037ec      0x158 /Users/josephvalle/ti/simplelink_cc32xx_sdk_7_10_00_13/source/ti/devices/cc32xx/driverlib/gcc/Release/driverlib.a(pin.obj)
 .debug_abbrev  0x0000000000003944      0x20f /Users/josephvalle/ti/simplelink_cc32xx_sdk_7_10_00_13/source/ti/devices/cc32xx/driverlib/gcc/Release/driverlib.a(prcm.obj)
 .debug_abbrev  0x0000000000003b53       0xe4 /Users/josephvalle/ti/simplelink_cc32xx_sdk_7_10_00_13/source/ti/devices/cc32xx/driverlib/gcc/Release/driverlib.a(systick.obj)
 .debug_abbrev  0x0000000000003c37       0xec /Users/josephvalle/ti/simplelink_cc32xx_sdk_7_10_00_13/source/ti/devices/cc32xx/driverlib/gcc/Release/driverlib.a(timer.obj)
 .debug_abbrev  0x0000000000003d23       0x4c /Users/josephvalle/ti/simplelink_cc32xx_sdk_7_10_00_13/source/ti/devices/cc32xx/driverlib/gcc/Release/driverlib.a(utils.obj)
 .debug_abbrev  0x0000000000003d6f      0x1b1 /Users/josephvalle/ti/simplelink_cc32xx_sdk_7_10_00_13/source/ti/devices/cc32xx/driverlib/gcc/Release/driverlib.a(flash.obj)

.debug_loc      0x0000000000000000     0x6b44
 .debug_loc     0x0000000000000000       0xb3 ./gpiointerrupt.o
 .debug_loc     0x00000000000000b3       0x6f /Users/josephvalle/ti/simplelink_cc32xx_sdk_7_10_00_13/source/ti/drivers/lib/gcc/m4/drivers_cc32xx.a(GPIO.c.obj)
 .debug_loc     0x0000000000000122      0xaee /Users/josephvalle/ti/simplelink_cc32xx_sdk_7_10_00_13/source/ti/drivers/lib/gcc/m4/drivers_cc32xx.a(GPIOCC32XX.c.obj)
 .debug_loc     0x0000000000000c10     0x14c4 /Users/josephvalle/ti/simplelink_cc32xx_sdk_7_10_00_13/source/ti/drivers/lib/gcc/m4/drivers_cc32xx.a(PowerCC32XX.c.obj)
 .debug_loc     0x00000000000020d4      0x1fe /Users/josephvalle/ti/simplelink_cc32xx_sdk_7_10_00_13/source/ti/drivers/lib/gcc/m4/drivers_cc32xx.a(Timer.c.obj)
 .debug_loc     0x00000000000022d2      0xbbb /Users/josephvalle/ti/simplelink_cc32xx_sdk_7_10_00_13/source/ti/drivers/lib/gcc/m4/drivers_cc32xx.a(TimerCC32XX.c.obj)
 .debug_loc     0x0000000000002e8d      0x428 /Users/josephvalle/ti/simplelink_cc32xx_sdk_7_10_00_13/source/ti/drivers/lib/gcc/m4/drivers_cc32xx.a(List.c.obj)
 .debug_loc     0x00000000000032b5       0x32 /Users/josephvalle/ti/simplelink_cc32xx_sdk_7_10_00_13/kernel/nortos/lib/gcc/m4/nortos_cc32xx.a(NoRTOS.c.obj)
 .debug_loc     0x00000000000032e7       0x4a /Users/josephvalle/ti/simplelink_cc32xx_sdk_7_10_00_13/kernel/nortos/lib/gcc/m4/nortos_cc32xx.a(posix_sleep.c.obj)
 .debug_loc     0x0000000000003331      0xbae /Users/josephvalle/ti/simplelink_cc32xx_sdk_7_10_00_13/kernel/nortos/lib/gcc/m4/nortos_cc32xx.a(SemaphoreP_nortos.c.obj)
 .debug_loc     0x0000000000003edf     0x1011 /Users/josephvalle/ti/simplelink_cc32xx_sdk_7_10_00_13/kernel/nortos/lib/gcc/m4/nortos_cc32xx.a(ClockPSysTick_nortos.c.obj)
 .debug_loc     0x0000000000004ef0      0x854 /Users/josephvalle/ti/simplelink_cc32xx_sdk_7_10_00_13/kernel/nortos/lib/gcc/m4/nortos_cc32xx.a(HwiPCC32XX_nortos.c.obj)
 .debug_loc     0x0000000000005744      0x400 /Users/josephvalle/ti/simplelink_cc32xx_sdk_7_10_00_13/kernel/nortos/lib/gcc/m4/nortos_cc32xx.a(PowerCC32XX_nortos.c.obj)
 .debug_loc     0x0000000000005b44       0x91 /Users/josephvalle/ti/simplelink_cc32xx_sdk_7_10_00_13/kernel/nortos/lib/gcc/m4/nortos_cc32xx.a(startup_cc32xx_gcc.c.obj)
 .debug_loc     0x0000000000005bd5      0xf6f /Users/josephvalle/ti/simplelink_cc32xx_sdk_7_10_00_13/kernel/nortos/lib/gcc/m4/nortos_cc32xx.a(SwiP_nortos.c.obj)

.debug_aranges  0x0000000000000000      0xc88
 .debug_aranges
                0x0000000000000000       0x40 ./gpiointerrupt.o
 .debug_aranges
                0x0000000000000040       0x28 ./syscfg/ti_drivers_config.o
 .debug_aranges
                0x0000000000000068       0x20 ./main_nortos.o
 .debug_aranges
                0x0000000000000088       0x38 /Users/josephvalle/ti/simplelink_cc32xx_sdk_7_10_00_13/source/ti/drivers/lib/gcc/m4/drivers_cc32xx.a(GPIO.c.obj)
 .debug_aranges
                0x00000000000000c0       0x78 /Users/josephvalle/ti/simplelink_cc32xx_sdk_7_10_00_13/source/ti/drivers/lib/gcc/m4/drivers_cc32xx.a(GPIOCC32XX.c.obj)
 .debug_aranges
                0x0000000000000138       0xf0 /Users/josephvalle/ti/simplelink_cc32xx_sdk_7_10_00_13/source/ti/drivers/lib/gcc/m4/drivers_cc32xx.a(PowerCC32XX.c.obj)
 .debug_aranges
                0x0000000000000228       0x40 /Users/josephvalle/ti/simplelink_cc32xx_sdk_7_10_00_13/source/ti/drivers/lib/gcc/m4/drivers_cc32xx.a(Timer.c.obj)
 .debug_aranges
                0x0000000000000268       0x78 /Users/josephvalle/ti/simplelink_cc32xx_sdk_7_10_00_13/source/ti/drivers/lib/gcc/m4/drivers_cc32xx.a(TimerCC32XX.c.obj)
 .debug_aranges
                0x00000000000002e0       0x48 /Users/josephvalle/ti/simplelink_cc32xx_sdk_7_10_00_13/source/ti/drivers/lib/gcc/m4/drivers_cc32xx.a(List.c.obj)
 .debug_aranges
                0x0000000000000328       0x30 /Users/josephvalle/ti/simplelink_cc32xx_sdk_7_10_00_13/kernel/nortos/lib/gcc/m4/nortos_cc32xx.a(NoRTOS.c.obj)
 .debug_aranges
                0x0000000000000358       0x28 /Users/josephvalle/ti/simplelink_cc32xx_sdk_7_10_00_13/kernel/nortos/lib/gcc/m4/nortos_cc32xx.a(posix_sleep.c.obj)
 .debug_aranges
                0x0000000000000380       0x78 /Users/josephvalle/ti/simplelink_cc32xx_sdk_7_10_00_13/kernel/nortos/lib/gcc/m4/nortos_cc32xx.a(SemaphoreP_nortos.c.obj)
 .debug_aranges
                0x00000000000003f8       0xd0 /Users/josephvalle/ti/simplelink_cc32xx_sdk_7_10_00_13/kernel/nortos/lib/gcc/m4/nortos_cc32xx.a(ClockPSysTick_nortos.c.obj)
 .debug_aranges
                0x00000000000004c8       0xb8 /Users/josephvalle/ti/simplelink_cc32xx_sdk_7_10_00_13/kernel/nortos/lib/gcc/m4/nortos_cc32xx.a(HwiPCC32XX_nortos.c.obj)
 .debug_aranges
                0x0000000000000580       0x28 /Users/josephvalle/ti/simplelink_cc32xx_sdk_7_10_00_13/kernel/nortos/lib/gcc/m4/nortos_cc32xx.a(PowerCC32XX_nortos.c.obj)
 .debug_aranges
                0x00000000000005a8       0x50 /Users/josephvalle/ti/simplelink_cc32xx_sdk_7_10_00_13/kernel/nortos/lib/gcc/m4/nortos_cc32xx.a(startup_cc32xx_gcc.c.obj)
 .debug_aranges
                0x00000000000005f8       0xa8 /Users/josephvalle/ti/simplelink_cc32xx_sdk_7_10_00_13/kernel/nortos/lib/gcc/m4/nortos_cc32xx.a(SwiP_nortos.c.obj)
 .debug_aranges
                0x00000000000006a0       0x48 /Users/josephvalle/ti/simplelink_cc32xx_sdk_7_10_00_13/source/ti/devices/cc32xx/driverlib/gcc/Release/driverlib.a(cpu.obj)
 .debug_aranges
                0x00000000000006e8       0x90 /Users/josephvalle/ti/simplelink_cc32xx_sdk_7_10_00_13/source/ti/devices/cc32xx/driverlib/gcc/Release/driverlib.a(gpio.obj)
 .debug_aranges
                0x0000000000000778       0x98 /Users/josephvalle/ti/simplelink_cc32xx_sdk_7_10_00_13/source/ti/devices/cc32xx/driverlib/gcc/Release/driverlib.a(interrupt.obj)
 .debug_aranges
                0x0000000000000810       0xc0 /Users/josephvalle/ti/simplelink_cc32xx_sdk_7_10_00_13/source/ti/devices/cc32xx/driverlib/gcc/Release/driverlib.a(pin.obj)
 .debug_aranges
                0x00000000000008d0      0x1d8 /Users/josephvalle/ti/simplelink_cc32xx_sdk_7_10_00_13/source/ti/devices/cc32xx/driverlib/gcc/Release/driverlib.a(prcm.obj)
 .debug_aranges
                0x0000000000000aa8       0x60 /Users/josephvalle/ti/simplelink_cc32xx_sdk_7_10_00_13/source/ti/devices/cc32xx/driverlib/gcc/Release/driverlib.a(systick.obj)
 .debug_aranges
                0x0000000000000b08       0xd8 /Users/josephvalle/ti/simplelink_cc32xx_sdk_7_10_00_13/source/ti/devices/cc32xx/driverlib/gcc/Release/driverlib.a(timer.obj)
 .debug_aranges
                0x0000000000000be0       0x20 /Users/josephvalle/ti/simplelink_cc32xx_sdk_7_10_00_13/source/ti/devices/cc32xx/driverlib/gcc/Release/driverlib.a(utils.obj)
 .debug_aranges
                0x0000000000000c00       0x88 /Users/josephvalle/ti/simplelink_cc32xx_sdk_7_10_00_13/source/ti/devices/cc32xx/driverlib/gcc/Release/driverlib.a(flash.obj)

.debug_ranges   0x0000000000000000     0x1478
 .debug_ranges  0x0000000000000000       0x48 ./gpiointerrupt.o
 .debug_ranges  0x0000000000000048       0x18 ./syscfg/ti_drivers_config.o
 .debug_ranges  0x0000000000000060       0x10 ./main_nortos.o
 .debug_ranges  0x0000000000000070       0x28 /Users/josephvalle/ti/simplelink_cc32xx_sdk_7_10_00_13/source/ti/drivers/lib/gcc/m4/drivers_cc32xx.a(GPIO.c.obj)
 .debug_ranges  0x0000000000000098       0x68 /Users/josephvalle/ti/simplelink_cc32xx_sdk_7_10_00_13/source/ti/drivers/lib/gcc/m4/drivers_cc32xx.a(GPIOCC32XX.c.obj)
 .debug_ranges  0x0000000000000100      0x220 /Users/josephvalle/ti/simplelink_cc32xx_sdk_7_10_00_13/source/ti/drivers/lib/gcc/m4/drivers_cc32xx.a(PowerCC32XX.c.obj)
 .debug_ranges  0x0000000000000320       0x30 /Users/josephvalle/ti/simplelink_cc32xx_sdk_7_10_00_13/source/ti/drivers/lib/gcc/m4/drivers_cc32xx.a(Timer.c.obj)
 .debug_ranges  0x0000000000000350      0x198 /Users/josephvalle/ti/simplelink_cc32xx_sdk_7_10_00_13/source/ti/drivers/lib/gcc/m4/drivers_cc32xx.a(TimerCC32XX.c.obj)
 .debug_ranges  0x00000000000004e8       0x38 /Users/josephvalle/ti/simplelink_cc32xx_sdk_7_10_00_13/source/ti/drivers/lib/gcc/m4/drivers_cc32xx.a(List.c.obj)
 .debug_ranges  0x0000000000000520       0x20 /Users/josephvalle/ti/simplelink_cc32xx_sdk_7_10_00_13/kernel/nortos/lib/gcc/m4/nortos_cc32xx.a(NoRTOS.c.obj)
 .debug_ranges  0x0000000000000540       0x18 /Users/josephvalle/ti/simplelink_cc32xx_sdk_7_10_00_13/kernel/nortos/lib/gcc/m4/nortos_cc32xx.a(posix_sleep.c.obj)
 .debug_ranges  0x0000000000000558      0x280 /Users/josephvalle/ti/simplelink_cc32xx_sdk_7_10_00_13/kernel/nortos/lib/gcc/m4/nortos_cc32xx.a(SemaphoreP_nortos.c.obj)
 .debug_ranges  0x00000000000007d8      0x460 /Users/josephvalle/ti/simplelink_cc32xx_sdk_7_10_00_13/kernel/nortos/lib/gcc/m4/nortos_cc32xx.a(ClockPSysTick_nortos.c.obj)
 .debug_ranges  0x0000000000000c38      0x100 /Users/josephvalle/ti/simplelink_cc32xx_sdk_7_10_00_13/kernel/nortos/lib/gcc/m4/nortos_cc32xx.a(HwiPCC32XX_nortos.c.obj)
 .debug_ranges  0x0000000000000d38       0x18 /Users/josephvalle/ti/simplelink_cc32xx_sdk_7_10_00_13/kernel/nortos/lib/gcc/m4/nortos_cc32xx.a(PowerCC32XX_nortos.c.obj)
 .debug_ranges  0x0000000000000d50       0x40 /Users/josephvalle/ti/simplelink_cc32xx_sdk_7_10_00_13/kernel/nortos/lib/gcc/m4/nortos_cc32xx.a(startup_cc32xx_gcc.c.obj)
 .debug_ranges  0x0000000000000d90      0x178 /Users/josephvalle/ti/simplelink_cc32xx_sdk_7_10_00_13/kernel/nortos/lib/gcc/m4/nortos_cc32xx.a(SwiP_nortos.c.obj)
 .debug_ranges  0x0000000000000f08       0x38 /Users/josephvalle/ti/simplelink_cc32xx_sdk_7_10_00_13/source/ti/devices/cc32xx/driverlib/gcc/Release/driverlib.a(cpu.obj)
 .debug_ranges  0x0000000000000f40       0x80 /Users/josephvalle/ti/simplelink_cc32xx_sdk_7_10_00_13/source/ti/devices/cc32xx/driverlib/gcc/Release/driverlib.a(gpio.obj)
 .debug_ranges  0x0000000000000fc0       0x88 /Users/josephvalle/ti/simplelink_cc32xx_sdk_7_10_00_13/source/ti/devices/cc32xx/driverlib/gcc/Release/driverlib.a(interrupt.obj)
 .debug_ranges  0x0000000000001048       0xb0 /Users/josephvalle/ti/simplelink_cc32xx_sdk_7_10_00_13/source/ti/devices/cc32xx/driverlib/gcc/Release/driverlib.a(pin.obj)
 .debug_ranges  0x00000000000010f8      0x1e0 /Users/josephvalle/ti/simplelink_cc32xx_sdk_7_10_00_13/source/ti/devices/cc32xx/driverlib/gcc/Release/driverlib.a(prcm.obj)
 .debug_ranges  0x00000000000012d8       0x50 /Users/josephvalle/ti/simplelink_cc32xx_sdk_7_10_00_13/source/ti/devices/cc32xx/driverlib/gcc/Release/driverlib.a(systick.obj)
 .debug_ranges  0x0000000000001328       0xc8 /Users/josephvalle/ti/simplelink_cc32xx_sdk_7_10_00_13/source/ti/devices/cc32xx/driverlib/gcc/Release/driverlib.a(timer.obj)
 .debug_ranges  0x00000000000013f0       0x10 /Users/josephvalle/ti/simplelink_cc32xx_sdk_7_10_00_13/source/ti/devices/cc32xx/driverlib/gcc/Release/driverlib.a(utils.obj)
 .debug_ranges  0x0000000000001400       0x78 /Users/josephvalle/ti/simplelink_cc32xx_sdk_7_10_00_13/source/ti/devices/cc32xx/driverlib/gcc/Release/driverlib.a(flash.obj)

.debug_line     0x0000000000000000     0xbe24
 .debug_line    0x0000000000000000      0x5c1 ./gpiointerrupt.o
 .debug_line    0x00000000000005c1      0x3d7 ./syscfg/ti_drivers_config.o
 .debug_line    0x0000000000000998       0x77 ./main_nortos.o
 .debug_line    0x0000000000000a0f      0x44f /Users/josephvalle/ti/simplelink_cc32xx_sdk_7_10_00_13/source/ti/drivers/lib/gcc/m4/drivers_cc32xx.a(GPIO.c.obj)
 .debug_line    0x0000000000000e5e      0xd44 /Users/josephvalle/ti/simplelink_cc32xx_sdk_7_10_00_13/source/ti/drivers/lib/gcc/m4/drivers_cc32xx.a(GPIOCC32XX.c.obj)
 .debug_line    0x0000000000001ba2     0x1887 /Users/josephvalle/ti/simplelink_cc32xx_sdk_7_10_00_13/source/ti/drivers/lib/gcc/m4/drivers_cc32xx.a(PowerCC32XX.c.obj)
 .debug_line    0x0000000000003429      0x798 /Users/josephvalle/ti/simplelink_cc32xx_sdk_7_10_00_13/source/ti/drivers/lib/gcc/m4/drivers_cc32xx.a(Timer.c.obj)
 .debug_line    0x0000000000003bc1      0xdae /Users/josephvalle/ti/simplelink_cc32xx_sdk_7_10_00_13/source/ti/drivers/lib/gcc/m4/drivers_cc32xx.a(TimerCC32XX.c.obj)
 .debug_line    0x000000000000496f      0x5f8 /Users/josephvalle/ti/simplelink_cc32xx_sdk_7_10_00_13/source/ti/drivers/lib/gcc/m4/drivers_cc32xx.a(List.c.obj)
 .debug_line    0x0000000000004f67      0x36d /Users/josephvalle/ti/simplelink_cc32xx_sdk_7_10_00_13/kernel/nortos/lib/gcc/m4/nortos_cc32xx.a(NoRTOS.c.obj)
 .debug_line    0x00000000000052d4      0x30d /Users/josephvalle/ti/simplelink_cc32xx_sdk_7_10_00_13/kernel/nortos/lib/gcc/m4/nortos_cc32xx.a(posix_sleep.c.obj)
 .debug_line    0x00000000000055e1      0xbfc /Users/josephvalle/ti/simplelink_cc32xx_sdk_7_10_00_13/kernel/nortos/lib/gcc/m4/nortos_cc32xx.a(SemaphoreP_nortos.c.obj)
 .debug_line    0x00000000000061dd     0x11ae /Users/josephvalle/ti/simplelink_cc32xx_sdk_7_10_00_13/kernel/nortos/lib/gcc/m4/nortos_cc32xx.a(ClockPSysTick_nortos.c.obj)
 .debug_line    0x000000000000738b      0x950 /Users/josephvalle/ti/simplelink_cc32xx_sdk_7_10_00_13/kernel/nortos/lib/gcc/m4/nortos_cc32xx.a(HwiPCC32XX_nortos.c.obj)
 .debug_line    0x0000000000007cdb      0x8bf /Users/josephvalle/ti/simplelink_cc32xx_sdk_7_10_00_13/kernel/nortos/lib/gcc/m4/nortos_cc32xx.a(PowerCC32XX_nortos.c.obj)
 .debug_line    0x000000000000859a      0x57f /Users/josephvalle/ti/simplelink_cc32xx_sdk_7_10_00_13/kernel/nortos/lib/gcc/m4/nortos_cc32xx.a(startup_cc32xx_gcc.c.obj)
 .debug_line    0x0000000000008b19      0xd94 /Users/josephvalle/ti/simplelink_cc32xx_sdk_7_10_00_13/kernel/nortos/lib/gcc/m4/nortos_cc32xx.a(SwiP_nortos.c.obj)
 .debug_line    0x00000000000098ad      0x113 /Users/josephvalle/ti/simplelink_cc32xx_sdk_7_10_00_13/source/ti/devices/cc32xx/driverlib/gcc/Release/driverlib.a(cpu.obj)
 .debug_line    0x00000000000099c0      0x402 /Users/josephvalle/ti/simplelink_cc32xx_sdk_7_10_00_13/source/ti/devices/cc32xx/driverlib/gcc/Release/driverlib.a(gpio.obj)
 .debug_line    0x0000000000009dc2      0x3fa /Users/josephvalle/ti/simplelink_cc32xx_sdk_7_10_00_13/source/ti/devices/cc32xx/driverlib/gcc/Release/driverlib.a(interrupt.obj)
 .debug_line    0x000000000000a1bc      0x3ed /Users/josephvalle/ti/simplelink_cc32xx_sdk_7_10_00_13/source/ti/devices/cc32xx/driverlib/gcc/Release/driverlib.a(pin.obj)
 .debug_line    0x000000000000a5a9      0xd2b /Users/josephvalle/ti/simplelink_cc32xx_sdk_7_10_00_13/source/ti/devices/cc32xx/driverlib/gcc/Release/driverlib.a(prcm.obj)
 .debug_line    0x000000000000b2d4      0x15d /Users/josephvalle/ti/simplelink_cc32xx_sdk_7_10_00_13/source/ti/devices/cc32xx/driverlib/gcc/Release/driverlib.a(systick.obj)
 .debug_line    0x000000000000b431      0x581 /Users/josephvalle/ti/simplelink_cc32xx_sdk_7_10_00_13/source/ti/devices/cc32xx/driverlib/gcc/Release/driverlib.a(timer.obj)
 .debug_line    0x000000000000b9b2       0x8a /Users/josephvalle/ti/simplelink_cc32xx_sdk_7_10_00_13/source/ti/devices/cc32xx/driverlib/gcc/Release/driverlib.a(utils.obj)
 .debug_line    0x000000000000ba3c      0x3e8 /Users/josephvalle/ti/simplelink_cc32xx_sdk_7_10_00_13/source/ti/devices/cc32xx/driverlib/gcc/Release/driverlib.a(flash.obj)

.debug_str      0x0000000000000000     0x477c
 .debug_str     0x0000000000000000      0x836 ./gpiointerrupt.o
                                        0x902 (size before relaxing)
 .debug_str     0x0000000000000836      0x7ae ./syscfg/ti_drivers_config.o
                                        0xba2 (size before relaxing)
 .debug_str     0x0000000000000fe4       0x11 ./main_nortos.o
                                        0x1af (size before relaxing)
 .debug_str     0x0000000000000ff5      0x2a6 /Users/josephvalle/ti/simplelink_cc32xx_sdk_7_10_00_13/source/ti/drivers/lib/gcc/m4/drivers_cc32xx.a(GPIO.c.obj)
                                        0x76f (size before relaxing)
 .debug_str     0x000000000000129b      0x3fc /Users/josephvalle/ti/simplelink_cc32xx_sdk_7_10_00_13/source/ti/drivers/lib/gcc/m4/drivers_cc32xx.a(GPIOCC32XX.c.obj)
                                        0xaa4 (size before relaxing)
 .debug_str     0x0000000000001697      0x94e /Users/josephvalle/ti/simplelink_cc32xx_sdk_7_10_00_13/source/ti/drivers/lib/gcc/m4/drivers_cc32xx.a(PowerCC32XX.c.obj)
                                       0x126c (size before relaxing)
 .debug_str     0x0000000000001fe5      0x19f /Users/josephvalle/ti/simplelink_cc32xx_sdk_7_10_00_13/source/ti/drivers/lib/gcc/m4/drivers_cc32xx.a(Timer.c.obj)
                                        0xaf9 (size before relaxing)
 .debug_str     0x0000000000002184      0x2a0 /Users/josephvalle/ti/simplelink_cc32xx_sdk_7_10_00_13/source/ti/drivers/lib/gcc/m4/drivers_cc32xx.a(TimerCC32XX.c.obj)
                                        0xa4d (size before relaxing)
 .debug_str     0x0000000000002424       0xf5 /Users/josephvalle/ti/simplelink_cc32xx_sdk_7_10_00_13/source/ti/drivers/lib/gcc/m4/drivers_cc32xx.a(List.c.obj)
                                        0x76c (size before relaxing)
 .debug_str     0x0000000000002519      0x1dc /Users/josephvalle/ti/simplelink_cc32xx_sdk_7_10_00_13/kernel/nortos/lib/gcc/m4/nortos_cc32xx.a(NoRTOS.c.obj)
                                        0x3e7 (size before relaxing)
 .debug_str     0x00000000000026f5       0xd5 /Users/josephvalle/ti/simplelink_cc32xx_sdk_7_10_00_13/kernel/nortos/lib/gcc/m4/nortos_cc32xx.a(posix_sleep.c.obj)
                                        0x2f6 (size before relaxing)
 .debug_str     0x00000000000027ca      0x256 /Users/josephvalle/ti/simplelink_cc32xx_sdk_7_10_00_13/kernel/nortos/lib/gcc/m4/nortos_cc32xx.a(SemaphoreP_nortos.c.obj)
                                        0xa16 (size before relaxing)
 .debug_str     0x0000000000002a20      0x310 /Users/josephvalle/ti/simplelink_cc32xx_sdk_7_10_00_13/kernel/nortos/lib/gcc/m4/nortos_cc32xx.a(ClockPSysTick_nortos.c.obj)
                                        0xb73 (size before relaxing)
 .debug_str     0x0000000000002d30      0x3e9 /Users/josephvalle/ti/simplelink_cc32xx_sdk_7_10_00_13/kernel/nortos/lib/gcc/m4/nortos_cc32xx.a(HwiPCC32XX_nortos.c.obj)
                                        0xb49 (size before relaxing)
 .debug_str     0x0000000000003119      0x200 /Users/josephvalle/ti/simplelink_cc32xx_sdk_7_10_00_13/kernel/nortos/lib/gcc/m4/nortos_cc32xx.a(PowerCC32XX_nortos.c.obj)
                                        0x7c1 (size before relaxing)
 .debug_str     0x0000000000003319      0x1db /Users/josephvalle/ti/simplelink_cc32xx_sdk_7_10_00_13/kernel/nortos/lib/gcc/m4/nortos_cc32xx.a(startup_cc32xx_gcc.c.obj)
                                        0x7fe (size before relaxing)
 .debug_str     0x00000000000034f4      0x37a /Users/josephvalle/ti/simplelink_cc32xx_sdk_7_10_00_13/kernel/nortos/lib/gcc/m4/nortos_cc32xx.a(SwiP_nortos.c.obj)
                                        0xac2 (size before relaxing)
 .debug_str     0x000000000000386e      0x19f /Users/josephvalle/ti/simplelink_cc32xx_sdk_7_10_00_13/source/ti/devices/cc32xx/driverlib/gcc/Release/driverlib.a(cpu.obj)
                                        0x1bc (size before relaxing)
 .debug_str     0x0000000000003a0d      0x140 /Users/josephvalle/ti/simplelink_cc32xx_sdk_7_10_00_13/source/ti/devices/cc32xx/driverlib/gcc/Release/driverlib.a(gpio.obj)
                                        0x2ec (size before relaxing)
 .debug_str     0x0000000000003b4d      0x17f /Users/josephvalle/ti/simplelink_cc32xx_sdk_7_10_00_13/source/ti/devices/cc32xx/driverlib/gcc/Release/driverlib.a(interrupt.obj)
                                        0x34d (size before relaxing)
 .debug_str     0x0000000000003ccc      0x153 /Users/josephvalle/ti/simplelink_cc32xx_sdk_7_10_00_13/source/ti/devices/cc32xx/driverlib/gcc/Release/driverlib.a(pin.obj)
                                        0x32a (size before relaxing)
 .debug_str     0x0000000000003e1f      0x4f9 /Users/josephvalle/ti/simplelink_cc32xx_sdk_7_10_00_13/source/ti/devices/cc32xx/driverlib/gcc/Release/driverlib.a(prcm.obj)
                                        0x893 (size before relaxing)
 .debug_str     0x0000000000004318       0xa5 /Users/josephvalle/ti/simplelink_cc32xx_sdk_7_10_00_13/source/ti/devices/cc32xx/driverlib/gcc/Release/driverlib.a(systick.obj)
                                        0x229 (size before relaxing)
 .debug_str     0x00000000000043bd      0x196 /Users/josephvalle/ti/simplelink_cc32xx_sdk_7_10_00_13/source/ti/devices/cc32xx/driverlib/gcc/Release/driverlib.a(timer.obj)
                                        0x362 (size before relaxing)
 .debug_str     0x0000000000004553       0x65 /Users/josephvalle/ti/simplelink_cc32xx_sdk_7_10_00_13/source/ti/devices/cc32xx/driverlib/gcc/Release/driverlib.a(utils.obj)
                                        0x17e (size before relaxing)
 .debug_str     0x00000000000045b8      0x1c4 /Users/josephvalle/ti/simplelink_cc32xx_sdk_7_10_00_13/source/ti/devices/cc32xx/driverlib/gcc/Release/driverlib.a(flash.obj)
                                        0x330 (size before relaxing)

.comment        0x0000000000000000       0x79
 .comment       0x0000000000000000       0x79 ./gpiointerrupt.o
                                         0x7a (size before relaxing)
 .comment       0x0000000000000079       0x7a ./syscfg/ti_drivers_config.o
 .comment       0x0000000000000079       0x7a ./main_nortos.o
 .comment       0x0000000000000079       0x7a /Users/josephvalle/ti/simplelink_cc32xx_sdk_7_10_00_13/source/ti/drivers/lib/gcc/m4/drivers_cc32xx.a(GPIO.c.obj)
 .comment       0x0000000000000079       0x7a /Users/josephvalle/ti/simplelink_cc32xx_sdk_7_10_00_13/source/ti/drivers/lib/gcc/m4/drivers_cc32xx.a(GPIOCC32XX.c.obj)
 .comment       0x0000000000000079       0x7a /Users/josephvalle/ti/simplelink_cc32xx_sdk_7_10_00_13/source/ti/drivers/lib/gcc/m4/drivers_cc32xx.a(PowerCC32XX.c.obj)
 .comment       0x0000000000000079       0x7a /Users/josephvalle/ti/simplelink_cc32xx_sdk_7_10_00_13/source/ti/drivers/lib/gcc/m4/drivers_cc32xx.a(Timer.c.obj)
 .comment       0x0000000000000079       0x7a /Users/josephvalle/ti/simplelink_cc32xx_sdk_7_10_00_13/source/ti/drivers/lib/gcc/m4/drivers_cc32xx.a(TimerCC32XX.c.obj)
 .comment       0x0000000000000079       0x7a /Users/josephvalle/ti/simplelink_cc32xx_sdk_7_10_00_13/source/ti/drivers/lib/gcc/m4/drivers_cc32xx.a(List.c.obj)
 .comment       0x0000000000000079       0x7a /Users/josephvalle/ti/simplelink_cc32xx_sdk_7_10_00_13/kernel/nortos/lib/gcc/m4/nortos_cc32xx.a(NoRTOS.c.obj)
 .comment       0x0000000000000079       0x7a /Users/josephvalle/ti/simplelink_cc32xx_sdk_7_10_00_13/kernel/nortos/lib/gcc/m4/nortos_cc32xx.a(posix_sleep.c.obj)
 .comment       0x0000000000000079       0x7a /Users/josephvalle/ti/simplelink_cc32xx_sdk_7_10_00_13/kernel/nortos/lib/gcc/m4/nortos_cc32xx.a(SemaphoreP_nortos.c.obj)
 .comment       0x0000000000000079       0x7a /Users/josephvalle/ti/simplelink_cc32xx_sdk_7_10_00_13/kernel/nortos/lib/gcc/m4/nortos_cc32xx.a(ClockPSysTick_nortos.c.obj)
 .comment       0x0000000000000079       0x7a /Users/josephvalle/ti/simplelink_cc32xx_sdk_7_10_00_13/kernel/nortos/lib/gcc/m4/nortos_cc32xx.a(HwiPCC32XX_nortos.c.obj)
 .comment       0x0000000000000079       0x7a /Users/josephvalle/ti/simplelink_cc32xx_sdk_7_10_00_13/kernel/nortos/lib/gcc/m4/nortos_cc32xx.a(PowerCC32XX_nortos.c.obj)
 .comment       0x0000000000000079       0x7a /Users/josephvalle/ti/simplelink_cc32xx_sdk_7_10_00_13/kernel/nortos/lib/gcc/m4/nortos_cc32xx.a(startup_cc32xx_gcc.c.obj)
 .comment       0x0000000000000079       0x7a /Users/josephvalle/ti/simplelink_cc32xx_sdk_7_10_00_13/kernel/nortos/lib/gcc/m4/nortos_cc32xx.a(SwiP_nortos.c.obj)
 .comment       0x0000000000000079       0x7a /Users/josephvalle/ti/simplelink_cc32xx_sdk_7_10_00_13/source/ti/devices/cc32xx/driverlib/gcc/Release/driverlib.a(cpu.obj)
 .comment       0x0000000000000079       0x7a /Users/josephvalle/ti/simplelink_cc32xx_sdk_7_10_00_13/source/ti/devices/cc32xx/driverlib/gcc/Release/driverlib.a(gpio.obj)
 .comment       0x0000000000000079       0x7a /Users/josephvalle/ti/simplelink_cc32xx_sdk_7_10_00_13/source/ti/devices/cc32xx/driverlib/gcc/Release/driverlib.a(interrupt.obj)
 .comment       0x0000000000000079       0x7a /Users/josephvalle/ti/simplelink_cc32xx_sdk_7_10_00_13/source/ti/devices/cc32xx/driverlib/gcc/Release/driverlib.a(pin.obj)
 .comment       0x0000000000000079       0x7a /Users/josephvalle/ti/simplelink_cc32xx_sdk_7_10_00_13/source/ti/devices/cc32xx/driverlib/gcc/Release/driverlib.a(prcm.obj)
 .comment       0x0000000000000079       0x7a /Users/josephvalle/ti/simplelink_cc32xx_sdk_7_10_00_13/source/ti/devices/cc32xx/driverlib/gcc/Release/driverlib.a(systick.obj)
 .comment       0x0000000000000079       0x7a /Users/josephvalle/ti/simplelink_cc32xx_sdk_7_10_00_13/source/ti/devices/cc32xx/driverlib/gcc/Release/driverlib.a(timer.obj)
 .comment       0x0000000000000079       0x7a /Users/josephvalle/ti/simplelink_cc32xx_sdk_7_10_00_13/source/ti/devices/cc32xx/driverlib/gcc/Release/driverlib.a(utils.obj)
 .comment       0x0000000000000079       0x7a /Users/josephvalle/ti/simplelink_cc32xx_sdk_7_10_00_13/source/ti/devices/cc32xx/driverlib/gcc/Release/driverlib.a(flash.obj)

.ARM.attributes
                0x0000000000000000       0x2c
 .ARM.attributes
                0x0000000000000000       0x2e ./gpiointerrupt.o
 .ARM.attributes
                0x000000000000002e       0x2e ./syscfg/ti_drivers_config.o
 .ARM.attributes
                0x000000000000005c       0x2e ./main_nortos.o
 .ARM.attributes
                0x000000000000008a       0x2e /Users/josephvalle/ti/simplelink_cc32xx_sdk_7_10_00_13/source/ti/drivers/lib/gcc/m4/drivers_cc32xx.a(GPIO.c.obj)
 .ARM.attributes
                0x00000000000000b8       0x2e /Users/josephvalle/ti/simplelink_cc32xx_sdk_7_10_00_13/source/ti/drivers/lib/gcc/m4/drivers_cc32xx.a(GPIOCC32XX.c.obj)
 .ARM.attributes
                0x00000000000000e6       0x2e /Users/josephvalle/ti/simplelink_cc32xx_sdk_7_10_00_13/source/ti/drivers/lib/gcc/m4/drivers_cc32xx.a(PowerCC32XX.c.obj)
 .ARM.attributes
                0x0000000000000114       0x1c /Users/josephvalle/ti/simplelink_cc32xx_sdk_7_10_00_13/source/ti/drivers/lib/gcc/m4/drivers_cc32xx.a(PowerCC32XX_gcc.asm.obj)
 .ARM.attributes